mvn : Picked up JAVA_TOOL_OPTIONS: -Duser.timezone=Asia/Kolkata
At line:1 char:1
+ mvn clean test > test_output.txt 2>&1 ; Select-String -Path test_outp ...
+ ~~~~~~~~~~~~~~~~~~~~~~~~~~~~~~~~~~~~~
    + CategoryInfo          : NotSpecified: (Picked up JAVA_...ne=Asia/Kolkata 
   :String) [], RemoteException
    + FullyQualifiedErrorId : NativeCommandError
 
[INFO] Scanning for projects...
[INFO] 
[INFO] ----------------< com.inventorix:java-code-assignment >-----------------
[INFO] Building java-code-assignment 1.0.0-SNAPSHOT
[INFO]   from pom.xml
[INFO] --------------------------------[ jar ]---------------------------------
[INFO] 
[INFO] --- clean:3.2.0:clean (default-clean) @ java-code-assignment ---
[INFO] Deleting C:\Users\Jai\Documents\HCL\hackathon-java-assignment\target
[INFO] 
[INFO] --- jacoco:0.8.11:prepare-agent (prepare-agent) @ java-code-assignment ---
[INFO] argLine set to -javaagent:C:\\Users\\Jai\\.m2\\repository\\org\\jacoco\\org.jacoco.agent\\0.8.11\\org.jacoco.agent-0.8.11-runtime.jar=destfile=C:\\Users\\Jai\\Documents\\HCL\\hackathon-java-assignment\\target\\jacoco.exec,excludes=**/stores/**:**/products/**:**/DbWarehouse*:**/WarehouseRepository.class:**/generated/**:**/jaxrs/**:**/api/**
[INFO] 
[INFO] --- resources:3.3.1:resources (default-resources) @ java-code-assignment ---
[INFO] Copying 4 resources from src\main\resources to target\classes
[INFO] 
[INFO] --- quarkus:3.13.3:generate-code (default) @ java-code-assignment ---
[INFO] Generating JAX-RS interfaces and beans from: C:\Users\Jai\AppData\Local\Temp\warehouse-openapi.yaml5055503543608308385.json
[INFO] Generating code...
Generating Bean: com.warehouse.api.beans.Warehouse
Adding to zip: com/warehouse/api/beans/Warehouse.java
Generating Interface: com.warehouse.api.WarehouseResource
Adding to zip: com/warehouse/api/WarehouseResource.java

[INFO] Code generated, unpacking the output ZIP.
[INFO] Code successfully generated.
[INFO] 
[INFO] --- compiler:3.11.0:compile (default-compile) @ java-code-assignment ---
[INFO] Changes detected - recompiling the module! :source
[INFO] Compiling 36 source files with javac [debug release 17] to target\classes
[INFO] 
[INFO] --- quarkus:3.13.3:generate-code-tests (default) @ java-code-assignment ---
[INFO] 
[INFO] --- resources:3.3.1:testResources (default-testResources) @ java-code-assignment ---
[INFO] skip non existing resourceDirectory C:\Users\Jai\Documents\HCL\hackathon-java-assignment\src\test\resources
[INFO] 
[INFO] --- compiler:3.11.0:testCompile (default-testCompile) @ java-code-assignment ---
[INFO] Changes detected - recompiling the module! :dependency
[INFO] Compiling 30 source files with javac [debug release 17] to target\test-classes
[INFO] 
[INFO] --- surefire:3.1.2:test (default-test) @ java-code-assignment ---
[INFO] Using auto detected provider org.apache.maven.surefire.junitplatform.JUnitPlatformProvider
[INFO] 
[INFO] -------------------------------------------------------
[INFO]  T E S T S
[INFO] -------------------------------------------------------
Picked up JAVA_TOOL_OPTIONS: -Duser.timezone=Asia/Kolkata
[INFO] Running com.fulfilment.application.monolith.products.ProductEndpointTest
2026-03-12 22:10:51,988 WARN  [io.qua.config] (main) Unrecognized configuration key "quarkus.openapi.generator.spec" was provided; it will be ignored; verify that the dependency extension for this configuration is set or that you did not make a typo
2026-03-12 22:10:51,992 WARN  [io.qua.config] (main) Unrecognized configuration key "quarkus.openapi.generator.base-package" was provided; it will be ignored; verify that the dependency extension for this configuration is set or that you did not make a typo
2026-03-12 22:10:54,930 INFO  [io.agr.pool] (JPA Startup Thread) Datasource '<default>': Initial size smaller than min. Connections will be created when necessary
[Hibernate] 
    drop table if exists dbstore cascade 
[Hibernate] 
    drop table if exists DbWarehouse cascade 
[Hibernate] 
    drop table if exists Product cascade 
[Hibernate] 
    drop sequence if exists dbstore_SEQ
[Hibernate] 
    drop sequence if exists warehouse_seq
[Hibernate] 
    create sequence dbstore_SEQ start with 1 increment by 50
[Hibernate] 
    create sequence warehouse_seq start with 1 increment by 1
[Hibernate] 
    create table dbstore (
        quantityProductsInStock integer,
        id bigint not null,
        version bigint,
        name varchar(255) not null,
        primary key (id),
        unique (name)
    )
[Hibernate] 
    create table DbWarehouse (
        capacity integer not null,
        stock integer not null,
        archivedAt timestamp(6),
        createdAt timestamp(6) not null,
        id bigint not null,
        version bigint not null,
        businessUnitCode varchar(255) not null unique,
        location varchar(255) not null,
        primary key (id)
    )
[Hibernate] 
    create table Product (
        price numeric(10,2),
        stock integer not null,
        id bigint generated by default as identity,
        name varchar(40) not null unique,
        description varchar(255),
        primary key (id)
    )
[Hibernate] INSERT INTO product(id, name, stock) VALUES (1,'TONSTAD',10)
[Hibernate] INSERT INTO product(id, name, stock) VALUES (2,'KALLAX',5)
[Hibernate] INSERT INTO product(id, name, stock) VALUES (3,'BEST┼',3)
[Hibernate] INSERT INTO dbwarehouse(id, businessUnitCode, location, capacity, stock, createdAt, archivedAt, version) VALUES (1,'MWH.001','ZWOLLE-001',100,10,'2024-07-01',null,0)
[Hibernate] INSERT INTO dbwarehouse(id, businessUnitCode, location, capacity, stock, createdAt, archivedAt, version) VALUES (2,'MWH.012','AMSTERDAM-001',50,5,'2023-07-01',null,0)
[Hibernate] INSERT INTO dbwarehouse(id, businessUnitCode, location, capacity, stock, createdAt, archivedAt, version) VALUES (3,'MWH.023','TILBURG-001',30,27,'2021-02-01',null,0)
[Hibernate] ALTER SEQUENCE warehouse_seq RESTART WITH 10
2026-03-12 22:10:57,139 INFO  [io.quarkus] (main) java-code-assignment 1.0.0-SNAPSHOT on JVM (powered by Quarkus 3.13.3) started in 13.482s. Listening on: http://localhost:8081
2026-03-12 22:10:57,141 INFO  [io.quarkus] (main) Profile test activated. 
2026-03-12 22:10:57,142 INFO  [io.quarkus] (main) Installed features: [agroal, cdi, hibernate-orm, hibernate-orm-panache, jdbc-h2, jdbc-postgresql, narayana-jta, rest, rest-jackson, smallrye-context-propagation, smallrye-health, smallrye-openapi, swagger-ui, vertx]
[Hibernate] 
    select
        p1_0.id,
        p1_0.description,
        p1_0.name,
        p1_0.price,
        p1_0.stock 
    from
        Product p1_0 
    order by
        p1_0.name
[Hibernate] 
    delete 
    from
        Product 
    where
        id=?
[Hibernate] 
    select
        p1_0.id,
        p1_0.description,
        p1_0.name,
        p1_0.price,
        p1_0.stock 
    from
        Product p1_0 
    order by
        p1_0.name
WARNING: A Java agent has been loaded dynamically (C:\Users\Jai\.m2\repository\
net\bytebuddy\byte-buddy-agent\1.14.15\byte-buddy-agent-1.14.15.jar)
WARNING: If a serviceability tool is in use, please run with 
-XX:+EnableDynamicAgentLoading to hide this warning
WARNING: If a serviceability tool is not in use, please run with 
-Djdk.instrument.traceUsage for more information
WARNING: Dynamic loading of agents will be disallowed by default in a future 
release
[INFO] Tests run: 1, Failures: 0, Errors: 0, Skipped: 0, Time elapsed: 28.01 s -- in com.fulfilment.application.monolith.products.ProductEndpointTest
[INFO] Running com.fulfilment.application.monolith.stores.StoreEventObserverTest
[INFO] Tests run: 2, Failures: 0, Errors: 0, Skipped: 0, Time elapsed: 0.193 s -- in com.fulfilment.application.monolith.stores.StoreEventObserverTest
[INFO] Running com.fulfilment.application.monolith.stores.StoreTransactionIntegrationTest
[Hibernate] 
    select
        next value for dbstore_SEQ
[Hibernate] 
    insert 
    into
        dbstore
        (name, quantityProductsInStock, version, id) 
    values
        (?, ?, ?, ?)
[Hibernate] 
    insert 
    into
        dbstore
        (name, quantityProductsInStock, version, id) 
    values
        (?, ?, ?, ?)
2026-03-12 22:11:02,533 WARN  [org.hib.eng.jdb.spi.SqlExceptionHelper] (executor-thread-1) SQL Error: 23505, SQLState: 23505
2026-03-12 22:11:02,533 ERROR [org.hib.eng.jdb.spi.SqlExceptionHelper] (executor-thread-1) Unique index or primary key violation: "PUBLIC.CONSTRAINT_INDEX_8 ON PUBLIC.DBSTORE(NAME NULLS FIRST) VALUES ( /* 1 */ 'IntegrationTest_1773333661298' )"; SQL statement:
insert into dbstore (name,quantityProductsInStock,version,id) values (?,?,?,?) [23505-224]
2026-03-12 22:11:02,542 WARN  [com.arj.ats.arjuna] (executor-thread-1) ARJUNA012125: TwoPhaseCoordinator.beforeCompletion - failed for SynchronizationImple< 0:ffffac1dc001:ccd7:69b2ec9c:e, org.hibernate.resource.transaction.backend.jta.internal.synchronization.RegisteredSynchronization@7313d4c >: org.hibernate.exception.ConstraintViolationException: could not execute statement [Unique index or primary key violation: "PUBLIC.CONSTRAINT_INDEX_8 ON PUBLIC.DBSTORE(NAME NULLS FIRST) VALUES ( /* 1 */ 'IntegrationTest_1773333661298' )"; SQL statement:
insert into dbstore (name,quantityProductsInStock,version,id) values (?,?,?,?) [23505-224]] [insert into dbstore (name,quantityProductsInStock,version,id) values (?,?,?,?)]
	at org.hibernate.dialect.H2Dialect.lambda$buildSQLExceptionConversionDelegate$3(H2Dialect.java:746)
	at org.hibernate.exception.internal.StandardSQLExceptionConverter.convert(StandardSQLExceptionConverter.java:58)
	at org.hibernate.engine.jdbc.spi.SqlExceptionHelper.convert(SqlExceptionHelper.java:108)
	at org.hibernate.engine.jdbc.internal.ResultSetReturnImpl.executeUpdate(ResultSetReturnImpl.java:197)
	at org.hibernate.engine.jdbc.mutation.internal.AbstractMutationExecutor.performNonBatchedMutation(AbstractMutationExecutor.java:134)
	at org.hibernate.engine.jdbc.mutation.internal.MutationExecutorSingleNonBatched.performNonBatchedOperations(MutationExecutorSingleNonBatched.java:55)
	at org.hibernate.engine.jdbc.mutation.internal.AbstractMutationExecutor.execute(AbstractMutationExecutor.java:55)
	at org.hibernate.persister.entity.mutation.InsertCoordinatorStandard.doStaticInserts(InsertCoordinatorStandard.java:194)
	at org.hibernate.persister.entity.mutation.InsertCoordinatorStandard.coordinateInsert(InsertCoordinatorStandard.java:132)
	at org.hibernate.persister.entity.mutation.InsertCoordinatorStandard.insert(InsertCoordinatorStandard.java:104)
	at org.hibernate.action.internal.EntityInsertAction.execute(EntityInsertAction.java:110)
	at org.hibernate.engine.spi.ActionQueue.executeActions(ActionQueue.java:632)
	at org.hibernate.engine.spi.ActionQueue.executeActions(ActionQueue.java:499)
	at org.hibernate.event.internal.AbstractFlushingEventListener.performExecutions(AbstractFlushingEventListener.java:371)
	at org.hibernate.event.internal.DefaultFlushEventListener.onFlush(DefaultFlushEventListener.java:41)
	at org.hibernate.event.service.internal.EventListenerGroupImpl.fireEventOnEachListener(EventListenerGroupImpl.java:127)
	at org.hibernate.internal.SessionImpl.doFlush(SessionImpl.java:1425)
	at org.hibernate.internal.SessionImpl.managedFlush(SessionImpl.java:487)
	at org.hibernate.internal.SessionImpl.flushBeforeTransactionCompletion(SessionImpl.java:2324)
	at org.hibernate.internal.SessionImpl.beforeTransactionCompletion(SessionImpl.java:1981)
	at org.hibernate.engine.jdbc.internal.JdbcCoordinatorImpl.beforeTransactionCompletion(JdbcCoordinatorImpl.java:439)
	at org.hibernate.resource.transaction.backend.jta.internal.JtaTransactionCoordinatorImpl.beforeCompletion(JtaTransactionCoordinatorImpl.java:336)
	at org.hibernate.resource.transaction.backend.jta.internal.synchronization.SynchronizationCallbackCoordinatorNonTrackingImpl.beforeCompletion(SynchronizationCallbackCoordinatorNonTrackingImpl.java:47)
	at org.hibernate.resource.transaction.backend.jta.internal.synchronization.RegisteredSynchronization.beforeCompletion(RegisteredSynchronization.java:37)
	at com.arjuna.ats.internal.jta.resources.arjunacore.SynchronizationImple.beforeCompletion(SynchronizationImple.java:52)
	at com.arjuna.ats.arjuna.coordinator.TwoPhaseCoordinator.beforeCompletion(TwoPhaseCoordinator.java:348)
	at com.arjuna.ats.arjuna.coordinator.TwoPhaseCoordinator.end(TwoPhaseCoordinator.java:66)
	at com.arjuna.ats.arjuna.AtomicAction.commit(AtomicAction.java:135)
	at com.arjuna.ats.internal.jta.transaction.arjunacore.TransactionImple.commitAndDisassociate(TransactionImple.java:1290)
	at com.arjuna.ats.internal.jta.transaction.arjunacore.BaseTransaction.commit(BaseTransaction.java:104)
	at io.quarkus.narayana.jta.runtime.NotifyingTransactionManager.commit(NotifyingTransactionManager.java:70)
	at io.quarkus.narayana.jta.runtime.interceptor.TransactionalInterceptorBase.endTransaction(TransactionalInterceptorBase.java:406)
	at io.quarkus.narayana.jta.runtime.interceptor.TransactionalInterceptorBase.invokeInOurTx(TransactionalInterceptorBase.java:171)
	at io.quarkus.narayana.jta.runtime.interceptor.TransactionalInterceptorBase.invokeInOurTx(TransactionalInterceptorBase.java:107)
	at io.quarkus.narayana.jta.runtime.interceptor.TransactionalInterceptorRequired.doIntercept(TransactionalInterceptorRequired.java:38)
	at io.quarkus.narayana.jta.runtime.interceptor.TransactionalInterceptorBase.intercept(TransactionalInterceptorBase.java:61)
	at io.quarkus.narayana.jta.runtime.interceptor.TransactionalInterceptorRequired.intercept(TransactionalInterceptorRequired.java:32)
	at io.quarkus.narayana.jta.runtime.interceptor.TransactionalInterceptorRequired_Bean.intercept(Unknown Source)
	at io.quarkus.arc.impl.InterceptorInvocation.invoke(InterceptorInvocation.java:42)
	at io.quarkus.arc.impl.AroundInvokeInvocationContext.perform(AroundInvokeInvocationContext.java:30)
	at io.quarkus.arc.impl.InvocationContexts.performAroundInvoke(InvocationContexts.java:27)
	at com.fulfilment.application.monolith.stores.application.CreateStoreUseCase_Subclass.execute(Unknown Source)
	at com.fulfilment.application.monolith.stores.application.CreateStoreUseCase_ClientProxy.execute(Unknown Source)
	at com.fulfilment.application.monolith.stores.StoreResource.create(StoreResource.java:40)
	at com.fulfilment.application.monolith.stores.StoreResource_ClientProxy.create(Unknown Source)
	at com.fulfilment.application.monolith.stores.StoreResource$quarkusrestinvoker$create_d1798d5b6fce6da8e8be1a66ea1336fbc5532e65.invoke(Unknown Source)
	at org.jboss.resteasy.reactive.server.handlers.InvocationHandler.handle(InvocationHandler.java:29)
	at io.quarkus.resteasy.reactive.server.runtime.QuarkusResteasyReactiveRequestContext.invokeHandler(QuarkusResteasyReactiveRequestContext.java:141)
	at org.jboss.resteasy.reactive.common.core.AbstractResteasyReactiveContext.run(AbstractResteasyReactiveContext.java:147)
	at io.quarkus.vertx.core.runtime.VertxCoreRecorder$14.runWith(VertxCoreRecorder.java:635)
	at org.jboss.threads.EnhancedQueueExecutor$Task.doRunWith(EnhancedQueueExecutor.java:2516)
	at org.jboss.threads.EnhancedQueueExecutor$Task.run(EnhancedQueueExecutor.java:2495)
	at org.jboss.threads.EnhancedQueueExecutor$ThreadBody.run(EnhancedQueueExecutor.java:1521)
	at org.jboss.threads.DelegatingRunnable.run(DelegatingRunnable.java:11)
	at org.jboss.threads.ThreadLocalResettingRunnable.run(ThreadLocalResettingRunnable.java:11)
	at io.netty.util.concurrent.FastThreadLocalRunnable.run(FastThreadLocalRunnable.java:30)
	at java.base/java.lang.Thread.run(Thread.java:1583)
Caused by: org.h2.jdbc.JdbcSQLIntegrityConstraintViolationException: Unique index or primary key violation: "PUBLIC.CONSTRAINT_INDEX_8 ON PUBLIC.DBSTORE(NAME NULLS FIRST) VALUES ( /* 1 */ 'IntegrationTest_1773333661298' )"; SQL statement:
insert into dbstore (name,quantityProductsInStock,version,id) values (?,?,?,?) [23505-224]
	at org.h2.message.DbException.getJdbcSQLException(DbException.java:520)
	at org.h2.message.DbException.getJdbcSQLException(DbException.java:489)
	at org.h2.message.DbException.get(DbException.java:223)
	at org.h2.message.DbException.get(DbException.java:199)
	at org.h2.index.Index.getDuplicateKeyException(Index.java:527)
	at org.h2.mvstore.db.MVSecondaryIndex.checkUnique(MVSecondaryIndex.java:223)
	at org.h2.mvstore.db.MVSecondaryIndex.add(MVSecondaryIndex.java:184)
	at org.h2.mvstore.db.MVTable.addRow(MVTable.java:519)
	at org.h2.command.dml.Insert.insertRows(Insert.java:174)
	at org.h2.command.dml.Insert.update(Insert.java:135)
	at org.h2.command.dml.DataChangeStatement.update(DataChangeStatement.java:74)
	at org.h2.command.CommandContainer.update(CommandContainer.java:169)
	at org.h2.command.Command.executeUpdate(Command.java:256)
	at org.h2.jdbc.JdbcPreparedStatement.executeUpdateInternal(JdbcPreparedStatement.java:216)
	at org.h2.jdbc.JdbcPreparedStatement.executeUpdate(JdbcPreparedStatement.java:174)
	at io.agroal.pool.wrapper.PreparedStatementWrapper.executeUpdate(PreparedStatementWrapper.java:90)
	at org.hibernate.engine.jdbc.internal.ResultSetReturnImpl.executeUpdate(ResultSetReturnImpl.java:194)
	... 53 more

2026-03-12 22:11:02,548 ERROR [com.ful.app.mon.pro.ProductResource] (executor-thread-1) Failed to handle request: io.quarkus.arc.ArcUndeclaredThrowableException: Error invoking subclass method
	at com.fulfilment.application.monolith.stores.application.CreateStoreUseCase_Subclass.execute(Unknown Source)
	at com.fulfilment.application.monolith.stores.application.CreateStoreUseCase_ClientProxy.execute(Unknown Source)
	at com.fulfilment.application.monolith.stores.StoreResource.create(StoreResource.java:40)
	at com.fulfilment.application.monolith.stores.StoreResource_ClientProxy.create(Unknown Source)
	at com.fulfilment.application.monolith.stores.StoreResource$quarkusrestinvoker$create_d1798d5b6fce6da8e8be1a66ea1336fbc5532e65.invoke(Unknown Source)
	at org.jboss.resteasy.reactive.server.handlers.InvocationHandler.handle(InvocationHandler.java:29)
	at io.quarkus.resteasy.reactive.server.runtime.QuarkusResteasyReactiveRequestContext.invokeHandler(QuarkusResteasyReactiveRequestContext.java:141)
	at org.jboss.resteasy.reactive.common.core.AbstractResteasyReactiveContext.run(AbstractResteasyReactiveContext.java:147)
	at io.quarkus.vertx.core.runtime.VertxCoreRecorder$14.runWith(VertxCoreRecorder.java:635)
	at org.jboss.threads.EnhancedQueueExecutor$Task.doRunWith(EnhancedQueueExecutor.java:2516)
	at org.jboss.threads.EnhancedQueueExecutor$Task.run(EnhancedQueueExecutor.java:2495)
	at org.jboss.threads.EnhancedQueueExecutor$ThreadBody.run(EnhancedQueueExecutor.java:1521)
	at org.jboss.threads.DelegatingRunnable.run(DelegatingRunnable.java:11)
	at org.jboss.threads.ThreadLocalResettingRunnable.run(ThreadLocalResettingRunnable.java:11)
	at io.netty.util.concurrent.FastThreadLocalRunnable.run(FastThreadLocalRunnable.java:30)
	at java.base/java.lang.Thread.run(Thread.java:1583)
Caused by: jakarta.transaction.RollbackException: ARJUNA016053: Could not commit transaction.
	at com.arjuna.ats.internal.jta.transaction.arjunacore.TransactionImple.commitAndDisassociate(TransactionImple.java:1302)
	at com.arjuna.ats.internal.jta.transaction.arjunacore.BaseTransaction.commit(BaseTransaction.java:104)
	at io.quarkus.narayana.jta.runtime.NotifyingTransactionManager.commit(NotifyingTransactionManager.java:70)
	at io.quarkus.narayana.jta.runtime.interceptor.TransactionalInterceptorBase.endTransaction(TransactionalInterceptorBase.java:406)
	at io.quarkus.narayana.jta.runtime.interceptor.TransactionalInterceptorBase.invokeInOurTx(TransactionalInterceptorBase.java:171)
	at io.quarkus.narayana.jta.runtime.interceptor.TransactionalInterceptorBase.invokeInOurTx(TransactionalInterceptorBase.java:107)
	at io.quarkus.narayana.jta.runtime.interceptor.TransactionalInterceptorRequired.doIntercept(TransactionalInterceptorRequired.java:38)
	at io.quarkus.narayana.jta.runtime.interceptor.TransactionalInterceptorBase.intercept(TransactionalInterceptorBase.java:61)
	at io.quarkus.narayana.jta.runtime.interceptor.TransactionalInterceptorRequired.intercept(TransactionalInterceptorRequired.java:32)
	at io.quarkus.narayana.jta.runtime.interceptor.TransactionalInterceptorRequired_Bean.intercept(Unknown Source)
	at io.quarkus.arc.impl.InterceptorInvocation.invoke(InterceptorInvocation.java:42)
	at io.quarkus.arc.impl.AroundInvokeInvocationContext.perform(AroundInvokeInvocationContext.java:30)
	at io.quarkus.arc.impl.InvocationContexts.performAroundInvoke(InvocationContexts.java:27)
	... 16 more
Caused by: org.hibernate.exception.ConstraintViolationException: could not execute statement [Unique index or primary key violation: "PUBLIC.CONSTRAINT_INDEX_8 ON PUBLIC.DBSTORE(NAME NULLS FIRST) VALUES ( /* 1 */ 'IntegrationTest_1773333661298' )"; SQL statement:
insert into dbstore (name,quantityProductsInStock,version,id) values (?,?,?,?) [23505-224]] [insert into dbstore (name,quantityProductsInStock,version,id) values (?,?,?,?)]
	at org.hibernate.dialect.H2Dialect.lambda$buildSQLExceptionConversionDelegate$3(H2Dialect.java:746)
	at org.hibernate.exception.internal.StandardSQLExceptionConverter.convert(StandardSQLExceptionConverter.java:58)
	at org.hibernate.engine.jdbc.spi.SqlExceptionHelper.convert(SqlExceptionHelper.java:108)
	at org.hibernate.engine.jdbc.internal.ResultSetReturnImpl.executeUpdate(ResultSetReturnImpl.java:197)
	at org.hibernate.engine.jdbc.mutation.internal.AbstractMutationExecutor.performNonBatchedMutation(AbstractMutationExecutor.java:134)
	at org.hibernate.engine.jdbc.mutation.internal.MutationExecutorSingleNonBatched.performNonBatchedOperations(MutationExecutorSingleNonBatched.java:55)
	at org.hibernate.engine.jdbc.mutation.internal.AbstractMutationExecutor.execute(AbstractMutationExecutor.java:55)
	at org.hibernate.persister.entity.mutation.InsertCoordinatorStandard.doStaticInserts(InsertCoordinatorStandard.java:194)
	at org.hibernate.persister.entity.mutation.InsertCoordinatorStandard.coordinateInsert(InsertCoordinatorStandard.java:132)
	at org.hibernate.persister.entity.mutation.InsertCoordinatorStandard.insert(InsertCoordinatorStandard.java:104)
	at org.hibernate.action.internal.EntityInsertAction.execute(EntityInsertAction.java:110)
	at org.hibernate.engine.spi.ActionQueue.executeActions(ActionQueue.java:632)
	at org.hibernate.engine.spi.ActionQueue.executeActions(ActionQueue.java:499)
	at org.hibernate.event.internal.AbstractFlushingEventListener.performExecutions(AbstractFlushingEventListener.java:371)
	at org.hibernate.event.internal.DefaultFlushEventListener.onFlush(DefaultFlushEventListener.java:41)
	at org.hibernate.event.service.internal.EventListenerGroupImpl.fireEventOnEachListener(EventListenerGroupImpl.java:127)
	at org.hibernate.internal.SessionImpl.doFlush(SessionImpl.java:1425)
	at org.hibernate.internal.SessionImpl.managedFlush(SessionImpl.java:487)
	at org.hibernate.internal.SessionImpl.flushBeforeTransactionCompletion(SessionImpl.java:2324)
	at org.hibernate.internal.SessionImpl.beforeTransactionCompletion(SessionImpl.java:1981)
	at org.hibernate.engine.jdbc.internal.JdbcCoordinatorImpl.beforeTransactionCompletion(JdbcCoordinatorImpl.java:439)
	at org.hibernate.resource.transaction.backend.jta.internal.JtaTransactionCoordinatorImpl.beforeCompletion(JtaTransactionCoordinatorImpl.java:336)
	at org.hibernate.resource.transaction.backend.jta.internal.synchronization.SynchronizationCallbackCoordinatorNonTrackingImpl.beforeCompletion(SynchronizationCallbackCoordinatorNonTrackingImpl.java:47)
	at org.hibernate.resource.transaction.backend.jta.internal.synchronization.RegisteredSynchronization.beforeCompletion(RegisteredSynchronization.java:37)
	at com.arjuna.ats.internal.jta.resources.arjunacore.SynchronizationImple.beforeCompletion(SynchronizationImple.java:52)
	at com.arjuna.ats.arjuna.coordinator.TwoPhaseCoordinator.beforeCompletion(TwoPhaseCoordinator.java:348)
	at com.arjuna.ats.arjuna.coordinator.TwoPhaseCoordinator.end(TwoPhaseCoordinator.java:66)
	at com.arjuna.ats.arjuna.AtomicAction.commit(AtomicAction.java:135)
	at com.arjuna.ats.internal.jta.transaction.arjunacore.TransactionImple.commitAndDisassociate(TransactionImple.java:1290)
	... 28 more
Caused by: org.h2.jdbc.JdbcSQLIntegrityConstraintViolationException: Unique index or primary key violation: "PUBLIC.CONSTRAINT_INDEX_8 ON PUBLIC.DBSTORE(NAME NULLS FIRST) VALUES ( /* 1 */ 'IntegrationTest_1773333661298' )"; SQL statement:
insert into dbstore (name,quantityProductsInStock,version,id) values (?,?,?,?) [23505-224]
	at org.h2.message.DbException.getJdbcSQLException(DbException.java:520)
	at org.h2.message.DbException.getJdbcSQLException(DbException.java:489)
	at org.h2.message.DbException.get(DbException.java:223)
	at org.h2.message.DbException.get(DbException.java:199)
	at org.h2.index.Index.getDuplicateKeyException(Index.java:527)
	at org.h2.mvstore.db.MVSecondaryIndex.checkUnique(MVSecondaryIndex.java:223)
	at org.h2.mvstore.db.MVSecondaryIndex.add(MVSecondaryIndex.java:184)
	at org.h2.mvstore.db.MVTable.addRow(MVTable.java:519)
	at org.h2.command.dml.Insert.insertRows(Insert.java:174)
	at org.h2.command.dml.Insert.update(Insert.java:135)
	at org.h2.command.dml.DataChangeStatement.update(DataChangeStatement.java:74)
	at org.h2.command.CommandContainer.update(CommandContainer.java:169)
	at org.h2.command.Command.executeUpdate(Command.java:256)
	at org.h2.jdbc.JdbcPreparedStatement.executeUpdateInternal(JdbcPreparedStatement.java:216)
	at org.h2.jdbc.JdbcPreparedStatement.executeUpdate(JdbcPreparedStatement.java:174)
	at io.agroal.pool.wrapper.PreparedStatementWrapper.executeUpdate(PreparedStatementWrapper.java:90)
	at org.hibernate.engine.jdbc.internal.ResultSetReturnImpl.executeUpdate(ResultSetReturnImpl.java:194)
	... 53 more

[INFO] Tests run: 1, Failures: 0, Errors: 0, Skipped: 0, Time elapsed: 2.265 s -- in com.fulfilment.application.monolith.stores.StoreTransactionIntegrationTest
[INFO] Running com.fulfilment.application.monolith.warehouses.domain.WarehouseOptimisticLockingTest
[Hibernate] 
    delete 
    from
        DbWarehouse dw1_0
[Hibernate] 
    select
        next value for warehouse_seq
[Hibernate] 
    insert 
    into
        DbWarehouse
        (archivedAt, businessUnitCode, capacity, createdAt, location, stock, version, id) 
    values
        (?, ?, ?, ?, ?, ?, ?, ?)
[Hibernate] 
    select
        dw1_0.id,
        dw1_0.archivedAt,
        dw1_0.businessUnitCode,
        dw1_0.capacity,
        dw1_0.createdAt,
        dw1_0.location,
        dw1_0.stock,
        dw1_0.version 
    from
        DbWarehouse dw1_0 
    where
        dw1_0.id=?
[Hibernate] 
    update
        DbWarehouse 
    set
        archivedAt=?,
        businessUnitCode=?,
        capacity=?,
        createdAt=?,
        location=?,
        stock=?,
        version=? 
    where
        id=? 
        and version=?
[Hibernate] 
    delete 
    from
        DbWarehouse dw1_0
[Hibernate] 
    select
        next value for warehouse_seq
[Hibernate] 
    insert 
    into
        DbWarehouse
        (archivedAt, businessUnitCode, capacity, createdAt, location, stock, version, id) 
    values
        (?, ?, ?, ?, ?, ?, ?, ?)
[Hibernate] 
    select
        dw1_0.id,
        dw1_0.archivedAt,
        dw1_0.businessUnitCode,
        dw1_0.capacity,
        dw1_0.createdAt,
        dw1_0.location,
        dw1_0.stock,
        dw1_0.version 
    from
        DbWarehouse dw1_0 
    where
        dw1_0.id=?
[Hibernate] 
    select
        dw1_0.id,
        dw1_0.archivedAt,
        dw1_0.businessUnitCode,
        dw1_0.capacity,
        dw1_0.createdAt,
        dw1_0.location,
        dw1_0.stock,
        dw1_0.version 
    from
        DbWarehouse dw1_0 
    where
        dw1_0.id=?
[Hibernate] 
    update
        DbWarehouse 
    set
        archivedAt=?,
        businessUnitCode=?,
        capacity=?,
        createdAt=?,
        location=?,
        stock=?,
        version=? 
    where
        id=? 
        and version=?
[Hibernate] 
    update
        DbWarehouse 
    set
        archivedAt=?,
        businessUnitCode=?,
        capacity=?,
        createdAt=?,
        location=?,
        stock=?,
        version=? 
    where
        id=? 
        and version=?
[Hibernate] 
    select
        dw1_0.id,
        dw1_0.archivedAt,
        dw1_0.businessUnitCode,
        dw1_0.capacity,
        dw1_0.createdAt,
        dw1_0.location,
        dw1_0.stock,
        dw1_0.version 
    from
        DbWarehouse dw1_0 
    where
        dw1_0.id=?
[INFO] Tests run: 2, Failures: 0, Errors: 0, Skipped: 0, Time elapsed: 0.103 s -- in com.fulfilment.application.monolith.warehouses.domain.WarehouseOptimisticLockingTest
[INFO] Running com.fulfilment.application.monolith.warehouses.domain.WarehouseValidationTest
2026-03-12 22:11:03,786 INFO  [com.ful.app.mon.war.ada.dat.WarehouseRepository] (main) Creating warehouse: DUP-CODE-001
[Hibernate] 
    select
        next value for warehouse_seq
[Hibernate] 
    insert 
    into
        DbWarehouse
        (archivedAt, businessUnitCode, capacity, createdAt, location, stock, version, id) 
    values
        (?, ?, ?, ?, ?, ?, ?, ?)
2026-03-12 22:11:03,789 INFO  [com.ful.app.mon.war.ada.dat.WarehouseRepository] (main) Warehouse created successfully: DUP-CODE-001
2026-03-12 22:11:03,790 INFO  [com.ful.app.mon.war.ada.dat.WarehouseRepository] (main) Creating warehouse: DUP-CODE-001
[Hibernate] 
    select
        next value for warehouse_seq
[Hibernate] 
    insert 
    into
        DbWarehouse
        (archivedAt, businessUnitCode, capacity, createdAt, location, stock, version, id) 
    values
        (?, ?, ?, ?, ?, ?, ?, ?)
2026-03-12 22:11:03,793 WARN  [org.hib.eng.jdb.spi.SqlExceptionHelper] (main) SQL Error: 23505, SQLState: 23505
2026-03-12 22:11:03,794 ERROR [org.hib.eng.jdb.spi.SqlExceptionHelper] (main) Unique index or primary key violation: "PUBLIC.CONSTRAINT_INDEX_B ON PUBLIC.DBWAREHOUSE(BUSINESSUNITCODE NULLS FIRST) VALUES ( /* 12 */ 'DUP-CODE-001' )"; SQL statement:
insert into DbWarehouse (archivedAt,businessUnitCode,capacity,createdAt,location,stock,version,id) values (?,?,?,?,?,?,?,?) [23505-224]
2026-03-12 22:11:03,802 INFO  [com.ful.app.mon.war.ada.dat.WarehouseRepository] (main) Creating warehouse: DUP-CODE-002
[Hibernate] 
    select
        next value for warehouse_seq
[Hibernate] 
    insert 
    into
        DbWarehouse
        (archivedAt, businessUnitCode, capacity, createdAt, location, stock, version, id) 
    values
        (?, ?, ?, ?, ?, ?, ?, ?)
2026-03-12 22:11:03,805 INFO  [com.ful.app.mon.war.ada.dat.WarehouseRepository] (main) Warehouse created successfully: DUP-CODE-002
2026-03-12 22:11:03,806 INFO  [com.ful.app.mon.war.ada.dat.WarehouseRepository] (main) Creating warehouse: DUP-CODE-002
[Hibernate] 
    select
        next value for warehouse_seq
[Hibernate] 
    insert 
    into
        DbWarehouse
        (archivedAt, businessUnitCode, capacity, createdAt, location, stock, version, id) 
    values
        (?, ?, ?, ?, ?, ?, ?, ?)
2026-03-12 22:11:03,809 WARN  [org.hib.eng.jdb.spi.SqlExceptionHelper] (main) SQL Error: 23505, SQLState: 23505
2026-03-12 22:11:03,810 ERROR [org.hib.eng.jdb.spi.SqlExceptionHelper] (main) Unique index or primary key violation: "PUBLIC.CONSTRAINT_INDEX_B ON PUBLIC.DBWAREHOUSE(BUSINESSUNITCODE NULLS FIRST) VALUES ( /* 14 */ 'DUP-CODE-002' )"; SQL statement:
insert into DbWarehouse (archivedAt,businessUnitCode,capacity,createdAt,location,stock,version,id) values (?,?,?,?,?,?,?,?) [23505-224]
2026-03-12 22:11:03,816 INFO  [com.ful.app.mon.war.ada.dat.WarehouseRepository] (main) Creating warehouse: DUP-CODE-003
[Hibernate] 
    select
        next value for warehouse_seq
[Hibernate] 
    insert 
    into
        DbWarehouse
        (archivedAt, businessUnitCode, capacity, createdAt, location, stock, version, id) 
    values
        (?, ?, ?, ?, ?, ?, ?, ?)
2026-03-12 22:11:03,819 INFO  [com.ful.app.mon.war.ada.dat.WarehouseRepository] (main) Warehouse created successfully: DUP-CODE-003
2026-03-12 22:11:03,819 INFO  [com.ful.app.mon.war.ada.dat.WarehouseRepository] (main) Creating warehouse: DUP-CODE-003
[Hibernate] 
    select
        next value for warehouse_seq
[Hibernate] 
    insert 
    into
        DbWarehouse
        (archivedAt, businessUnitCode, capacity, createdAt, location, stock, version, id) 
    values
        (?, ?, ?, ?, ?, ?, ?, ?)
2026-03-12 22:11:03,822 WARN  [org.hib.eng.jdb.spi.SqlExceptionHelper] (main) SQL Error: 23505, SQLState: 23505
2026-03-12 22:11:03,822 ERROR [org.hib.eng.jdb.spi.SqlExceptionHelper] (main) Unique index or primary key violation: "PUBLIC.CONSTRAINT_INDEX_B ON PUBLIC.DBWAREHOUSE(BUSINESSUNITCODE NULLS FIRST) VALUES ( /* 16 */ 'DUP-CODE-003' )"; SQL statement:
insert into DbWarehouse (archivedAt,businessUnitCode,capacity,createdAt,location,stock,version,id) values (?,?,?,?,?,?,?,?) [23505-224]
[INFO] Tests run: 10, Failures: 0, Errors: 0, Skipped: 0, Time elapsed: 0.140 s -- in com.fulfilment.application.monolith.warehouses.domain.WarehouseValidationTest
[INFO] Running com.fulfilment.application.monolith.warehouses.domain.usecases.ArchiveWarehouseUseCaseExtendedTest
[Hibernate] 
    delete 
    from
        DbWarehouse dw1_0
2026-03-12 22:11:03,842 INFO  [com.ful.app.mon.war.ada.dat.WarehouseRepository] (main) Creating warehouse: ARCHIVE-TIME-001
[Hibernate] 
    select
        next value for warehouse_seq
[Hibernate] 
    insert 
    into
        DbWarehouse
        (archivedAt, businessUnitCode, capacity, createdAt, location, stock, version, id) 
    values
        (?, ?, ?, ?, ?, ?, ?, ?)
2026-03-12 22:11:03,846 INFO  [com.ful.app.mon.war.ada.dat.WarehouseRepository] (main) Warehouse created successfully: ARCHIVE-TIME-001
2026-03-12 22:11:03,848 INFO  [com.ful.app.mon.war.dom.use.ArchiveWarehouseUseCase] (main) Archiving warehouse with BU code: ARCHIVE-TIME-001
[Hibernate] 
    select
        dw1_0.id,
        dw1_0.archivedAt,
        dw1_0.businessUnitCode,
        dw1_0.capacity,
        dw1_0.createdAt,
        dw1_0.location,
        dw1_0.stock,
        dw1_0.version 
    from
        DbWarehouse dw1_0 
    where
        dw1_0.businessUnitCode=? 
    fetch
        first ? rows only
2026-03-12 22:11:03,923 INFO  [com.ful.app.mon.war.ada.dat.WarehouseRepository] (main) Updating warehouse: ARCHIVE-TIME-001
[Hibernate] 
    select
        dw1_0.id,
        dw1_0.archivedAt,
        dw1_0.businessUnitCode,
        dw1_0.capacity,
        dw1_0.createdAt,
        dw1_0.location,
        dw1_0.stock,
        dw1_0.version 
    from
        DbWarehouse dw1_0 
    where
        dw1_0.businessUnitCode=? 
    fetch
        first ? rows only
2026-03-12 22:11:03,926 INFO  [com.ful.app.mon.war.ada.dat.WarehouseRepository] (main) Warehouse updated successfully: ARCHIVE-TIME-001
2026-03-12 22:11:03,927 INFO  [com.ful.app.mon.war.dom.use.ArchiveWarehouseUseCase] (main) Warehouse successfully archived: ARCHIVE-TIME-001
[Hibernate] 
    update
        DbWarehouse 
    set
        archivedAt=?,
        businessUnitCode=?,
        capacity=?,
        createdAt=?,
        location=?,
        stock=?,
        version=? 
    where
        id=? 
        and version=?
[Hibernate] 
    select
        dw1_0.id,
        dw1_0.archivedAt,
        dw1_0.businessUnitCode,
        dw1_0.capacity,
        dw1_0.createdAt,
        dw1_0.location,
        dw1_0.stock,
        dw1_0.version 
    from
        DbWarehouse dw1_0 
    where
        dw1_0.businessUnitCode=? 
    fetch
        first ? rows only
[Hibernate] 
    delete 
    from
        DbWarehouse dw1_0
2026-03-12 22:11:03,943 INFO  [com.ful.app.mon.war.ada.dat.WarehouseRepository] (main) Creating warehouse: ARCHIVE-VALID-001
[Hibernate] 
    select
        next value for warehouse_seq
[Hibernate] 
    insert 
    into
        DbWarehouse
        (archivedAt, businessUnitCode, capacity, createdAt, location, stock, version, id) 
    values
        (?, ?, ?, ?, ?, ?, ?, ?)
2026-03-12 22:11:03,946 INFO  [com.ful.app.mon.war.ada.dat.WarehouseRepository] (main) Warehouse created successfully: ARCHIVE-VALID-001
2026-03-12 22:11:03,947 INFO  [com.ful.app.mon.war.dom.use.ArchiveWarehouseUseCase] (main) Archiving warehouse with BU code: ARCHIVE-VALID-001
[Hibernate] 
    select
        dw1_0.id,
        dw1_0.archivedAt,
        dw1_0.businessUnitCode,
        dw1_0.capacity,
        dw1_0.createdAt,
        dw1_0.location,
        dw1_0.stock,
        dw1_0.version 
    from
        DbWarehouse dw1_0 
    where
        dw1_0.businessUnitCode=? 
    fetch
        first ? rows only
2026-03-12 22:11:03,949 INFO  [com.ful.app.mon.war.ada.dat.WarehouseRepository] (main) Updating warehouse: ARCHIVE-VALID-001
[Hibernate] 
    select
        dw1_0.id,
        dw1_0.archivedAt,
        dw1_0.businessUnitCode,
        dw1_0.capacity,
        dw1_0.createdAt,
        dw1_0.location,
        dw1_0.stock,
        dw1_0.version 
    from
        DbWarehouse dw1_0 
    where
        dw1_0.businessUnitCode=? 
    fetch
        first ? rows only
2026-03-12 22:11:03,951 INFO  [com.ful.app.mon.war.ada.dat.WarehouseRepository] (main) Warehouse updated successfully: ARCHIVE-VALID-001
2026-03-12 22:11:03,952 INFO  [com.ful.app.mon.war.dom.use.ArchiveWarehouseUseCase] (main) Warehouse successfully archived: ARCHIVE-VALID-001
[Hibernate] 
    update
        DbWarehouse 
    set
        archivedAt=?,
        businessUnitCode=?,
        capacity=?,
        createdAt=?,
        location=?,
        stock=?,
        version=? 
    where
        id=? 
        and version=?
[Hibernate] 
    select
        dw1_0.id,
        dw1_0.archivedAt,
        dw1_0.businessUnitCode,
        dw1_0.capacity,
        dw1_0.createdAt,
        dw1_0.location,
        dw1_0.stock,
        dw1_0.version 
    from
        DbWarehouse dw1_0 
    where
        dw1_0.businessUnitCode=? 
    fetch
        first ? rows only
[Hibernate] 
    delete 
    from
        DbWarehouse dw1_0
2026-03-12 22:11:03,965 INFO  [com.ful.app.mon.war.dom.use.ArchiveWarehouseUseCase] (main) Archiving warehouse with BU code:    
[Hibernate] 
    delete 
    from
        DbWarehouse dw1_0
2026-03-12 22:11:03,972 INFO  [com.ful.app.mon.war.dom.use.ArchiveWarehouseUseCase] (main) Archiving warehouse with BU code: 
[Hibernate] 
    delete 
    from
        DbWarehouse dw1_0
2026-03-12 22:11:03,979 INFO  [com.ful.app.mon.war.dom.use.ArchiveWarehouseUseCase] (main) Archiving warehouse with BU code: null
[INFO] Tests run: 5, Failures: 0, Errors: 0, Skipped: 0, Time elapsed: 0.152 s -- in com.fulfilment.application.monolith.warehouses.domain.usecases.ArchiveWarehouseUseCaseExtendedTest
[INFO] Running com.fulfilment.application.monolith.warehouses.domain.usecases.ArchiveWarehouseUseCaseTest
[Hibernate] 
    delete 
    from
        DbWarehouse dw1_0
2026-03-12 22:11:03,994 INFO  [com.ful.app.mon.war.dom.use.ArchiveWarehouseUseCase] (main) Archiving warehouse with BU code: NON-EXISTENT
[Hibernate] 
    select
        dw1_0.id,
        dw1_0.archivedAt,
        dw1_0.businessUnitCode,
        dw1_0.capacity,
        dw1_0.createdAt,
        dw1_0.location,
        dw1_0.stock,
        dw1_0.version 
    from
        DbWarehouse dw1_0 
    where
        dw1_0.businessUnitCode=? 
    fetch
        first ? rows only
[Hibernate] 
    delete 
    from
        DbWarehouse dw1_0
2026-03-12 22:11:04,004 INFO  [com.ful.app.mon.war.ada.dat.WarehouseRepository] (main) Creating warehouse: ARCHIVE-TEST-001
[Hibernate] 
    select
        next value for warehouse_seq
[Hibernate] 
    insert 
    into
        DbWarehouse
        (archivedAt, businessUnitCode, capacity, createdAt, location, stock, version, id) 
    values
        (?, ?, ?, ?, ?, ?, ?, ?)
2026-03-12 22:11:04,007 INFO  [com.ful.app.mon.war.ada.dat.WarehouseRepository] (main) Warehouse created successfully: ARCHIVE-TEST-001
2026-03-12 22:11:04,010 INFO  [com.ful.app.mon.war.dom.use.ArchiveWarehouseUseCase] (main) Archiving warehouse with BU code: ARCHIVE-TEST-001
[Hibernate] 
    select
        dw1_0.id,
        dw1_0.archivedAt,
        dw1_0.businessUnitCode,
        dw1_0.capacity,
        dw1_0.createdAt,
        dw1_0.location,
        dw1_0.stock,
        dw1_0.version 
    from
        DbWarehouse dw1_0 
    where
        dw1_0.businessUnitCode=? 
    fetch
        first ? rows only
2026-03-12 22:11:04,014 INFO  [com.ful.app.mon.war.ada.dat.WarehouseRepository] (main) Updating warehouse: ARCHIVE-TEST-001
[Hibernate] 
    select
        dw1_0.id,
        dw1_0.archivedAt,
        dw1_0.businessUnitCode,
        dw1_0.capacity,
        dw1_0.createdAt,
        dw1_0.location,
        dw1_0.stock,
        dw1_0.version 
    from
        DbWarehouse dw1_0 
    where
        dw1_0.businessUnitCode=? 
    fetch
        first ? rows only
2026-03-12 22:11:04,017 INFO  [com.ful.app.mon.war.ada.dat.WarehouseRepository] (main) Warehouse updated successfully: ARCHIVE-TEST-001
2026-03-12 22:11:04,018 INFO  [com.ful.app.mon.war.dom.use.ArchiveWarehouseUseCase] (main) Warehouse successfully archived: ARCHIVE-TEST-001
[Hibernate] 
    update
        DbWarehouse 
    set
        archivedAt=?,
        businessUnitCode=?,
        capacity=?,
        createdAt=?,
        location=?,
        stock=?,
        version=? 
    where
        id=? 
        and version=?
[Hibernate] 
    select
        dw1_0.id,
        dw1_0.archivedAt,
        dw1_0.businessUnitCode,
        dw1_0.capacity,
        dw1_0.createdAt,
        dw1_0.location,
        dw1_0.stock,
        dw1_0.version 
    from
        DbWarehouse dw1_0 
    where
        dw1_0.businessUnitCode=? 
    fetch
        first ? rows only
[Hibernate] 
    delete 
    from
        DbWarehouse dw1_0
2026-03-12 22:11:04,030 INFO  [com.ful.app.mon.war.ada.dat.WarehouseRepository] (main) Creating warehouse: CONCURRENT-ARCHIVE-001
[Hibernate] 
    select
        next value for warehouse_seq
[Hibernate] 
    insert 
    into
        DbWarehouse
        (archivedAt, businessUnitCode, capacity, createdAt, location, stock, version, id) 
    values
        (?, ?, ?, ?, ?, ?, ?, ?)
2026-03-12 22:11:04,033 INFO  [com.ful.app.mon.war.ada.dat.WarehouseRepository] (main) Warehouse created successfully: CONCURRENT-ARCHIVE-001
[Hibernate] 
    select
        dw1_0.id,
        dw1_0.archivedAt,
        dw1_0.businessUnitCode,
        dw1_0.capacity,
        dw1_0.createdAt,
        dw1_0.location,
        dw1_0.stock,
        dw1_0.version 
    from
        DbWarehouse dw1_0 
    where
        dw1_0.businessUnitCode=? 
    fetch
        first ? rows only
[Hibernate] 
    select
        dw1_0.id,
        dw1_0.archivedAt,
        dw1_0.businessUnitCode,
        dw1_0.capacity,
        dw1_0.createdAt,
        dw1_0.location,
        dw1_0.stock,
        dw1_0.version 
    from
        DbWarehouse dw1_0 
    where
        dw1_0.businessUnitCode=? 
    fetch
        first ? rows only
2026-03-12 22:11:04,037 INFO  [com.ful.app.mon.war.ada.dat.WarehouseRepository] (pool-8-thread-2) Updating warehouse: CONCURRENT-ARCHIVE-001
2026-03-12 22:11:04,037 INFO  [com.ful.app.mon.war.dom.use.ArchiveWarehouseUseCase] (pool-8-thread-1) Archiving warehouse with BU code: CONCURRENT-ARCHIVE-001
[Hibernate] 
    select
        dw1_0.id,
        dw1_0.archivedAt,
        dw1_0.businessUnitCode,
        dw1_0.capacity,
        dw1_0.createdAt,
        dw1_0.location,
        dw1_0.stock,
        dw1_0.version 
    from
        DbWarehouse dw1_0 
    where
        dw1_0.businessUnitCode=? 
    fetch
        first ? rows only
[Hibernate] 
    select
        dw1_0.id,
        dw1_0.archivedAt,
        dw1_0.businessUnitCode,
        dw1_0.capacity,
        dw1_0.createdAt,
        dw1_0.location,
        dw1_0.stock,
        dw1_0.version 
    from
        DbWarehouse dw1_0 
    where
        dw1_0.businessUnitCode=? 
    fetch
        first ? rows only
2026-03-12 22:11:04,039 INFO  [com.ful.app.mon.war.ada.dat.WarehouseRepository] (pool-8-thread-2) Warehouse updated successfully: CONCURRENT-ARCHIVE-001
2026-03-12 22:11:04,039 INFO  [com.ful.app.mon.war.ada.dat.WarehouseRepository] (pool-8-thread-1) Updating warehouse: CONCURRENT-ARCHIVE-001
[Hibernate] 
    select
        dw1_0.id,
        dw1_0.archivedAt,
        dw1_0.businessUnitCode,
        dw1_0.capacity,
        dw1_0.createdAt,
        dw1_0.location,
        dw1_0.stock,
        dw1_0.version 
    from
        DbWarehouse dw1_0 
    where
        dw1_0.businessUnitCode=? 
    fetch
        first ? rows only
[Hibernate] 
    update
        DbWarehouse 
    set
        archivedAt=?,
        businessUnitCode=?,
        capacity=?,
        createdAt=?,
        location=?,
        stock=?,
        version=? 
    where
        id=? 
        and version=?
2026-03-12 22:11:04,041 INFO  [com.ful.app.mon.war.ada.dat.WarehouseRepository] (pool-8-thread-1) Warehouse updated successfully: CONCURRENT-ARCHIVE-001
2026-03-12 22:11:04,042 INFO  [com.ful.app.mon.war.dom.use.ArchiveWarehouseUseCase] (pool-8-thread-1) Warehouse successfully archived: CONCURRENT-ARCHIVE-001
[Hibernate] 
    update
        DbWarehouse 
    set
        archivedAt=?,
        businessUnitCode=?,
        capacity=?,
        createdAt=?,
        location=?,
        stock=?,
        version=? 
    where
        id=? 
        and version=?
2026-03-12 22:11:04,044 WARN  [com.arj.ats.arjuna] (pool-8-thread-1) ARJUNA012125: TwoPhaseCoordinator.beforeCompletion - failed for SynchronizationImple< 0:ffffac1dc001:ccd7:69b2ec9c:a8, org.hibernate.resource.transaction.backend.jta.internal.synchronization.RegisteredSynchronization@6525725d >: jakarta.persistence.OptimisticLockException: Row was updated or deleted by another transaction (or unsaved-value mapping was incorrect) : [com.fulfilment.application.monolith.warehouses.adapters.database.DbWarehouse#21]
	at org.hibernate.internal.ExceptionConverterImpl.wrapStaleStateException(ExceptionConverterImpl.java:209)
	at org.hibernate.internal.ExceptionConverterImpl.convert(ExceptionConverterImpl.java:95)
	at org.hibernate.internal.ExceptionConverterImpl.convert(ExceptionConverterImpl.java:167)
	at org.hibernate.internal.ExceptionConverterImpl.convert(ExceptionConverterImpl.java:173)
	at org.hibernate.internal.SessionImpl.doFlush(SessionImpl.java:1429)
	at org.hibernate.internal.SessionImpl.managedFlush(SessionImpl.java:487)
	at org.hibernate.internal.SessionImpl.flushBeforeTransactionCompletion(SessionImpl.java:2324)
	at org.hibernate.internal.SessionImpl.beforeTransactionCompletion(SessionImpl.java:1981)
	at org.hibernate.engine.jdbc.internal.JdbcCoordinatorImpl.beforeTransactionCompletion(JdbcCoordinatorImpl.java:439)
	at org.hibernate.resource.transaction.backend.jta.internal.JtaTransactionCoordinatorImpl.beforeCompletion(JtaTransactionCoordinatorImpl.java:336)
	at org.hibernate.resource.transaction.backend.jta.internal.synchronization.SynchronizationCallbackCoordinatorNonTrackingImpl.beforeCompletion(SynchronizationCallbackCoordinatorNonTrackingImpl.java:47)
	at org.hibernate.resource.transaction.backend.jta.internal.synchronization.RegisteredSynchronization.beforeCompletion(RegisteredSynchronization.java:37)
	at com.arjuna.ats.internal.jta.resources.arjunacore.SynchronizationImple.beforeCompletion(SynchronizationImple.java:52)
	at com.arjuna.ats.arjuna.coordinator.TwoPhaseCoordinator.beforeCompletion(TwoPhaseCoordinator.java:348)
	at com.arjuna.ats.arjuna.coordinator.TwoPhaseCoordinator.end(TwoPhaseCoordinator.java:66)
	at com.arjuna.ats.arjuna.AtomicAction.commit(AtomicAction.java:135)
	at com.arjuna.ats.internal.jta.transaction.arjunacore.TransactionImple.commitAndDisassociate(TransactionImple.java:1290)
	at com.arjuna.ats.internal.jta.transaction.arjunacore.BaseTransaction.commit(BaseTransaction.java:104)
	at io.quarkus.narayana.jta.runtime.NotifyingTransactionManager.commit(NotifyingTransactionManager.java:70)
	at io.quarkus.narayana.jta.runtime.interceptor.TransactionalInterceptorBase.endTransaction(TransactionalInterceptorBase.java:406)
	at io.quarkus.narayana.jta.runtime.interceptor.TransactionalInterceptorBase.invokeInOurTx(TransactionalInterceptorBase.java:175)
	at io.quarkus.narayana.jta.runtime.interceptor.TransactionalInterceptorBase.invokeInOurTx(TransactionalInterceptorBase.java:107)
	at io.quarkus.narayana.jta.runtime.interceptor.TransactionalInterceptorRequiresNew.doIntercept(TransactionalInterceptorRequiresNew.java:41)
	at io.quarkus.narayana.jta.runtime.interceptor.TransactionalInterceptorBase.intercept(TransactionalInterceptorBase.java:61)
	at io.quarkus.narayana.jta.runtime.interceptor.TransactionalInterceptorRequiresNew.intercept(TransactionalInterceptorRequiresNew.java:32)
	at io.quarkus.narayana.jta.runtime.interceptor.TransactionalInterceptorRequiresNew_Bean.intercept(Unknown Source)
	at io.quarkus.arc.impl.InterceptorInvocation.invoke(InterceptorInvocation.java:42)
	at io.quarkus.arc.impl.AroundInvokeInvocationContext.perform(AroundInvokeInvocationContext.java:30)
	at io.quarkus.arc.impl.InvocationContexts.performAroundInvoke(InvocationContexts.java:27)
	at com.fulfilment.application.monolith.warehouses.domain.usecases.ArchiveWarehouseUseCaseTest_Subclass.archiveWarehouseInNewTransaction(Unknown Source)
	at com.fulfilment.application.monolith.warehouses.domain.usecases.ArchiveWarehouseUseCaseTest.lambda$testConcurrentArchiveAndStockUpdateCausesOptimisticLockException$2(ArchiveWarehouseUseCaseTest.java:129)
	at java.base/java.util.concurrent.Executors$RunnableAdapter.call(Executors.java:572)
	at java.base/java.util.concurrent.FutureTask.run(FutureTask.java:317)
	at java.base/java.util.concurrent.ThreadPoolExecutor.runWorker(ThreadPoolExecutor.java:1144)
	at java.base/java.util.concurrent.ThreadPoolExecutor$Worker.run(ThreadPoolExecutor.java:642)
	at java.base/java.lang.Thread.run(Thread.java:1583)
Caused by: org.hibernate.StaleObjectStateException: Row was updated or deleted by another transaction (or unsaved-value mapping was incorrect) : [com.fulfilment.application.monolith.warehouses.adapters.database.DbWarehouse#21]
	at org.hibernate.engine.jdbc.mutation.internal.ModelMutationHelper.identifiedResultsCheck(ModelMutationHelper.java:75)
	at org.hibernate.persister.entity.mutation.UpdateCoordinatorStandard.lambda$doStaticUpdate$9(UpdateCoordinatorStandard.java:785)
	at org.hibernate.engine.jdbc.mutation.internal.ModelMutationHelper.checkResults(ModelMutationHelper.java:50)
	at org.hibernate.engine.jdbc.mutation.internal.AbstractMutationExecutor.performNonBatchedMutation(AbstractMutationExecutor.java:141)
	at org.hibernate.engine.jdbc.mutation.internal.MutationExecutorSingleNonBatched.performNonBatchedOperations(MutationExecutorSingleNonBatched.java:55)
	at org.hibernate.engine.jdbc.mutation.internal.AbstractMutationExecutor.execute(AbstractMutationExecutor.java:55)
	at org.hibernate.persister.entity.mutation.UpdateCoordinatorStandard.doStaticUpdate(UpdateCoordinatorStandard.java:781)
	at org.hibernate.persister.entity.mutation.UpdateCoordinatorStandard.performUpdate(UpdateCoordinatorStandard.java:328)
	at org.hibernate.persister.entity.mutation.UpdateCoordinatorStandard.update(UpdateCoordinatorStandard.java:245)
	at org.hibernate.action.internal.EntityUpdateAction.execute(EntityUpdateAction.java:169)
	at org.hibernate.engine.spi.ActionQueue.executeActions(ActionQueue.java:632)
	at org.hibernate.engine.spi.ActionQueue.executeActions(ActionQueue.java:499)
	at org.hibernate.event.internal.AbstractFlushingEventListener.performExecutions(AbstractFlushingEventListener.java:371)
	at org.hibernate.event.internal.DefaultFlushEventListener.onFlush(DefaultFlushEventListener.java:41)
	at org.hibernate.event.service.internal.EventListenerGroupImpl.fireEventOnEachListener(EventListenerGroupImpl.java:127)
	at org.hibernate.internal.SessionImpl.doFlush(SessionImpl.java:1425)
	... 31 more

[Hibernate] 
    select
        dw1_0.id,
        dw1_0.archivedAt,
        dw1_0.businessUnitCode,
        dw1_0.capacity,
        dw1_0.createdAt,
        dw1_0.location,
        dw1_0.stock,
        dw1_0.version 
    from
        DbWarehouse dw1_0 
    where
        dw1_0.businessUnitCode=? 
    fetch
        first ? rows only
[Hibernate] 
    delete 
    from
        DbWarehouse dw1_0
2026-03-12 22:11:04,055 INFO  [com.ful.app.mon.war.ada.dat.WarehouseRepository] (main) Creating warehouse: ARCHIVE-TEST-002
[Hibernate] 
    select
        next value for warehouse_seq
[Hibernate] 
    insert 
    into
        DbWarehouse
        (archivedAt, businessUnitCode, capacity, createdAt, location, stock, version, id) 
    values
        (?, ?, ?, ?, ?, ?, ?, ?)
2026-03-12 22:11:04,060 INFO  [com.ful.app.mon.war.ada.dat.WarehouseRepository] (main) Warehouse created successfully: ARCHIVE-TEST-002
2026-03-12 22:11:04,062 INFO  [com.ful.app.mon.war.dom.use.ArchiveWarehouseUseCase] (main) Archiving warehouse with BU code: ARCHIVE-TEST-002
[Hibernate] 
    select
        dw1_0.id,
        dw1_0.archivedAt,
        dw1_0.businessUnitCode,
        dw1_0.capacity,
        dw1_0.createdAt,
        dw1_0.location,
        dw1_0.stock,
        dw1_0.version 
    from
        DbWarehouse dw1_0 
    where
        dw1_0.businessUnitCode=? 
    fetch
        first ? rows only
2026-03-12 22:11:04,064 INFO  [com.ful.app.mon.war.ada.dat.WarehouseRepository] (main) Updating warehouse: ARCHIVE-TEST-002
[Hibernate] 
    select
        dw1_0.id,
        dw1_0.archivedAt,
        dw1_0.businessUnitCode,
        dw1_0.capacity,
        dw1_0.createdAt,
        dw1_0.location,
        dw1_0.stock,
        dw1_0.version 
    from
        DbWarehouse dw1_0 
    where
        dw1_0.businessUnitCode=? 
    fetch
        first ? rows only
2026-03-12 22:11:04,066 INFO  [com.ful.app.mon.war.ada.dat.WarehouseRepository] (main) Warehouse updated successfully: ARCHIVE-TEST-002
2026-03-12 22:11:04,066 INFO  [com.ful.app.mon.war.dom.use.ArchiveWarehouseUseCase] (main) Warehouse successfully archived: ARCHIVE-TEST-002
2026-03-12 22:11:04,067 INFO  [com.ful.app.mon.war.dom.use.ArchiveWarehouseUseCase] (main) Archiving warehouse with BU code: ARCHIVE-TEST-002
[Hibernate] 
    update
        DbWarehouse 
    set
        archivedAt=?,
        businessUnitCode=?,
        capacity=?,
        createdAt=?,
        location=?,
        stock=?,
        version=? 
    where
        id=? 
        and version=?
[Hibernate] 
    select
        dw1_0.id,
        dw1_0.archivedAt,
        dw1_0.businessUnitCode,
        dw1_0.capacity,
        dw1_0.createdAt,
        dw1_0.location,
        dw1_0.stock,
        dw1_0.version 
    from
        DbWarehouse dw1_0 
    where
        dw1_0.businessUnitCode=? 
    fetch
        first ? rows only
[INFO] Tests run: 4, Failures: 0, Errors: 0, Skipped: 0, Time elapsed: 0.089 s -- in com.fulfilment.application.monolith.warehouses.domain.usecases.ArchiveWarehouseUseCaseTest
[INFO] Running com.fulfilment.application.monolith.warehouses.domain.usecases.CreateWarehouseUseCaseExtendedTest
[Hibernate] 
    delete 
    from
        DbWarehouse dw1_0
2026-03-12 22:11:04,088 INFO  [com.ful.app.mon.war.ada.dat.WarehouseRepository] (main) Creating warehouse: CREATE-TIMESTAMP
[Hibernate] 
    select
        next value for warehouse_seq
[Hibernate] 
    insert 
    into
        DbWarehouse
        (archivedAt, businessUnitCode, capacity, createdAt, location, stock, version, id) 
    values
        (?, ?, ?, ?, ?, ?, ?, ?)
2026-03-12 22:11:04,093 INFO  [com.ful.app.mon.war.ada.dat.WarehouseRepository] (main) Warehouse created successfully: CREATE-TIMESTAMP
[Hibernate] 
    select
        dw1_0.id,
        dw1_0.archivedAt,
        dw1_0.businessUnitCode,
        dw1_0.capacity,
        dw1_0.createdAt,
        dw1_0.location,
        dw1_0.stock,
        dw1_0.version 
    from
        DbWarehouse dw1_0 
    where
        dw1_0.businessUnitCode=? 
    fetch
        first ? rows only
[Hibernate] 
    delete 
    from
        DbWarehouse dw1_0
2026-03-12 22:11:04,104 INFO  [com.ful.app.mon.war.ada.dat.WarehouseRepository] (main) Creating warehouse: CREATE-LOC-0
[Hibernate] 
    select
        next value for warehouse_seq
[Hibernate] 
    insert 
    into
        DbWarehouse
        (archivedAt, businessUnitCode, capacity, createdAt, location, stock, version, id) 
    values
        (?, ?, ?, ?, ?, ?, ?, ?)
2026-03-12 22:11:04,107 INFO  [com.ful.app.mon.war.ada.dat.WarehouseRepository] (main) Warehouse created successfully: CREATE-LOC-0
2026-03-12 22:11:04,108 INFO  [com.ful.app.mon.war.ada.dat.WarehouseRepository] (main) Creating warehouse: CREATE-LOC-1
[Hibernate] 
    select
        next value for warehouse_seq
[Hibernate] 
    insert 
    into
        DbWarehouse
        (archivedAt, businessUnitCode, capacity, createdAt, location, stock, version, id) 
    values
        (?, ?, ?, ?, ?, ?, ?, ?)
2026-03-12 22:11:04,111 INFO  [com.ful.app.mon.war.ada.dat.WarehouseRepository] (main) Warehouse created successfully: CREATE-LOC-1
2026-03-12 22:11:04,111 INFO  [com.ful.app.mon.war.ada.dat.WarehouseRepository] (main) Creating warehouse: CREATE-LOC-2
[Hibernate] 
    select
        next value for warehouse_seq
[Hibernate] 
    insert 
    into
        DbWarehouse
        (archivedAt, businessUnitCode, capacity, createdAt, location, stock, version, id) 
    values
        (?, ?, ?, ?, ?, ?, ?, ?)
2026-03-12 22:11:04,113 INFO  [com.ful.app.mon.war.ada.dat.WarehouseRepository] (main) Warehouse created successfully: CREATE-LOC-2
2026-03-12 22:11:04,114 INFO  [com.ful.app.mon.war.ada.dat.WarehouseRepository] (main) Creating warehouse: CREATE-LOC-3
[Hibernate] 
    select
        next value for warehouse_seq
[Hibernate] 
    insert 
    into
        DbWarehouse
        (archivedAt, businessUnitCode, capacity, createdAt, location, stock, version, id) 
    values
        (?, ?, ?, ?, ?, ?, ?, ?)
2026-03-12 22:11:04,116 INFO  [com.ful.app.mon.war.ada.dat.WarehouseRepository] (main) Warehouse created successfully: CREATE-LOC-3
2026-03-12 22:11:04,116 INFO  [com.ful.app.mon.war.ada.dat.WarehouseRepository] (main) Creating warehouse: CREATE-LOC-4
[Hibernate] 
    select
        next value for warehouse_seq
[Hibernate] 
    insert 
    into
        DbWarehouse
        (archivedAt, businessUnitCode, capacity, createdAt, location, stock, version, id) 
    values
        (?, ?, ?, ?, ?, ?, ?, ?)
2026-03-12 22:11:04,119 INFO  [com.ful.app.mon.war.ada.dat.WarehouseRepository] (main) Warehouse created successfully: CREATE-LOC-4
2026-03-12 22:11:04,120 INFO  [com.ful.app.mon.war.ada.dat.WarehouseRepository] (main) Creating warehouse: CREATE-LOC-5
[Hibernate] 
    select
        next value for warehouse_seq
[Hibernate] 
    insert 
    into
        DbWarehouse
        (archivedAt, businessUnitCode, capacity, createdAt, location, stock, version, id) 
    values
        (?, ?, ?, ?, ?, ?, ?, ?)
2026-03-12 22:11:04,123 INFO  [com.ful.app.mon.war.ada.dat.WarehouseRepository] (main) Warehouse created successfully: CREATE-LOC-5
2026-03-12 22:11:04,124 INFO  [com.ful.app.mon.war.ada.dat.WarehouseRepository] (main) Creating warehouse: CREATE-LOC-6
[Hibernate] 
    select
        next value for warehouse_seq
[Hibernate] 
    insert 
    into
        DbWarehouse
        (archivedAt, businessUnitCode, capacity, createdAt, location, stock, version, id) 
    values
        (?, ?, ?, ?, ?, ?, ?, ?)
2026-03-12 22:11:04,126 INFO  [com.ful.app.mon.war.ada.dat.WarehouseRepository] (main) Warehouse created successfully: CREATE-LOC-6
2026-03-12 22:11:04,126 INFO  [com.ful.app.mon.war.ada.dat.WarehouseRepository] (main) Creating warehouse: CREATE-LOC-7
[Hibernate] 
    select
        next value for warehouse_seq
[Hibernate] 
    insert 
    into
        DbWarehouse
        (archivedAt, businessUnitCode, capacity, createdAt, location, stock, version, id) 
    values
        (?, ?, ?, ?, ?, ?, ?, ?)
2026-03-12 22:11:04,128 INFO  [com.ful.app.mon.war.ada.dat.WarehouseRepository] (main) Warehouse created successfully: CREATE-LOC-7
[Hibernate] 
    select
        count(*) 
    from
        DbWarehouse dw1_0 
    where
        dw1_0.businessUnitCode=?
[Hibernate] 
    select
        count(*) 
    from
        DbWarehouse dw1_0 
    where
        dw1_0.businessUnitCode=?
[Hibernate] 
    select
        count(*) 
    from
        DbWarehouse dw1_0 
    where
        dw1_0.businessUnitCode=?
[Hibernate] 
    select
        count(*) 
    from
        DbWarehouse dw1_0 
    where
        dw1_0.businessUnitCode=?
[Hibernate] 
    select
        count(*) 
    from
        DbWarehouse dw1_0 
    where
        dw1_0.businessUnitCode=?
[Hibernate] 
    select
        count(*) 
    from
        DbWarehouse dw1_0 
    where
        dw1_0.businessUnitCode=?
[Hibernate] 
    select
        count(*) 
    from
        DbWarehouse dw1_0 
    where
        dw1_0.businessUnitCode=?
[Hibernate] 
    select
        count(*) 
    from
        DbWarehouse dw1_0 
    where
        dw1_0.businessUnitCode=?
[Hibernate] 
    delete 
    from
        DbWarehouse dw1_0
2026-03-12 22:11:04,214 INFO  [com.ful.app.mon.war.ada.dat.WarehouseRepository] (main) Creating warehouse: CREATE-NOT-ARCHIVED
[Hibernate] 
    select
        next value for warehouse_seq
[Hibernate] 
    insert 
    into
        DbWarehouse
        (archivedAt, businessUnitCode, capacity, createdAt, location, stock, version, id) 
    values
        (?, ?, ?, ?, ?, ?, ?, ?)
2026-03-12 22:11:04,219 INFO  [com.ful.app.mon.war.ada.dat.WarehouseRepository] (main) Warehouse created successfully: CREATE-NOT-ARCHIVED
[Hibernate] 
    select
        dw1_0.id,
        dw1_0.archivedAt,
        dw1_0.businessUnitCode,
        dw1_0.capacity,
        dw1_0.createdAt,
        dw1_0.location,
        dw1_0.stock,
        dw1_0.version 
    from
        DbWarehouse dw1_0 
    where
        dw1_0.businessUnitCode=? 
    fetch
        first ? rows only
[Hibernate] 
    delete 
    from
        DbWarehouse dw1_0
2026-03-12 22:11:04,230 INFO  [com.ful.app.mon.war.ada.dat.WarehouseRepository] (main) Creating warehouse: CODE-001
[Hibernate] 
    select
        next value for warehouse_seq
[Hibernate] 
    insert 
    into
        DbWarehouse
        (archivedAt, businessUnitCode, capacity, createdAt, location, stock, version, id) 
    values
        (?, ?, ?, ?, ?, ?, ?, ?)
2026-03-12 22:11:04,232 INFO  [com.ful.app.mon.war.ada.dat.WarehouseRepository] (main) Warehouse created successfully: CODE-001
[Hibernate] 
    select
        count(*) 
    from
        DbWarehouse dw1_0 
    where
        dw1_0.businessUnitCode=?
2026-03-12 22:11:04,235 INFO  [com.ful.app.mon.war.ada.dat.WarehouseRepository] (main) Creating warehouse: BU_TEST
[Hibernate] 
    select
        next value for warehouse_seq
[Hibernate] 
    insert 
    into
        DbWarehouse
        (archivedAt, businessUnitCode, capacity, createdAt, location, stock, version, id) 
    values
        (?, ?, ?, ?, ?, ?, ?, ?)
2026-03-12 22:11:04,238 INFO  [com.ful.app.mon.war.ada.dat.WarehouseRepository] (main) Warehouse created successfully: BU_TEST
[Hibernate] 
    select
        count(*) 
    from
        DbWarehouse dw1_0 
    where
        dw1_0.businessUnitCode=?
2026-03-12 22:11:04,240 INFO  [com.ful.app.mon.war.ada.dat.WarehouseRepository] (main) Creating warehouse: WAREHOUSE_1
[Hibernate] 
    select
        next value for warehouse_seq
[Hibernate] 
    insert 
    into
        DbWarehouse
        (archivedAt, businessUnitCode, capacity, createdAt, location, stock, version, id) 
    values
        (?, ?, ?, ?, ?, ?, ?, ?)
2026-03-12 22:11:04,244 INFO  [com.ful.app.mon.war.ada.dat.WarehouseRepository] (main) Warehouse created successfully: WAREHOUSE_1
[Hibernate] 
    select
        count(*) 
    from
        DbWarehouse dw1_0 
    where
        dw1_0.businessUnitCode=?
2026-03-12 22:11:04,246 INFO  [com.ful.app.mon.war.ada.dat.WarehouseRepository] (main) Creating warehouse: UNITTEST
[Hibernate] 
    select
        next value for warehouse_seq
[Hibernate] 
    insert 
    into
        DbWarehouse
        (archivedAt, businessUnitCode, capacity, createdAt, location, stock, version, id) 
    values
        (?, ?, ?, ?, ?, ?, ?, ?)
2026-03-12 22:11:04,249 INFO  [com.ful.app.mon.war.ada.dat.WarehouseRepository] (main) Warehouse created successfully: UNITTEST
[Hibernate] 
    select
        count(*) 
    from
        DbWarehouse dw1_0 
    where
        dw1_0.businessUnitCode=?
[Hibernate] 
    delete 
    from
        DbWarehouse dw1_0
2026-03-12 22:11:04,260 INFO  [com.ful.app.mon.war.ada.dat.WarehouseRepository] (main) Creating warehouse: CREATE-DUPLICATE
[Hibernate] 
    select
        next value for warehouse_seq
[Hibernate] 
    insert 
    into
        DbWarehouse
        (archivedAt, businessUnitCode, capacity, createdAt, location, stock, version, id) 
    values
        (?, ?, ?, ?, ?, ?, ?, ?)
2026-03-12 22:11:04,262 INFO  [com.ful.app.mon.war.ada.dat.WarehouseRepository] (main) Warehouse created successfully: CREATE-DUPLICATE
2026-03-12 22:11:04,263 INFO  [com.ful.app.mon.war.ada.dat.WarehouseRepository] (main) Creating warehouse: CREATE-DUPLICATE
[Hibernate] 
    select
        next value for warehouse_seq
[Hibernate] 
    insert 
    into
        DbWarehouse
        (archivedAt, businessUnitCode, capacity, createdAt, location, stock, version, id) 
    values
        (?, ?, ?, ?, ?, ?, ?, ?)
2026-03-12 22:11:04,265 WARN  [org.hib.eng.jdb.spi.SqlExceptionHelper] (main) SQL Error: 23505, SQLState: 23505
2026-03-12 22:11:04,266 ERROR [org.hib.eng.jdb.spi.SqlExceptionHelper] (main) Unique index or primary key violation: "PUBLIC.CONSTRAINT_INDEX_B ON PUBLIC.DBWAREHOUSE(BUSINESSUNITCODE NULLS FIRST) VALUES ( /* 37 */ 'CREATE-DUPLICATE' )"; SQL statement:
insert into DbWarehouse (archivedAt,businessUnitCode,capacity,createdAt,location,stock,version,id) values (?,?,?,?,?,?,?,?) [23505-224]
[Hibernate] 
    delete 
    from
        DbWarehouse dw1_0
2026-03-12 22:11:04,275 INFO  [com.ful.app.mon.war.ada.dat.WarehouseRepository] (main) Creating warehouse: CREATE-STOCK-001
[Hibernate] 
    select
        next value for warehouse_seq
[Hibernate] 
    insert 
    into
        DbWarehouse
        (archivedAt, businessUnitCode, capacity, createdAt, location, stock, version, id) 
    values
        (?, ?, ?, ?, ?, ?, ?, ?)
2026-03-12 22:11:04,278 INFO  [com.ful.app.mon.war.ada.dat.WarehouseRepository] (main) Warehouse created successfully: CREATE-STOCK-001
[Hibernate] 
    select
        dw1_0.id,
        dw1_0.archivedAt,
        dw1_0.businessUnitCode,
        dw1_0.capacity,
        dw1_0.createdAt,
        dw1_0.location,
        dw1_0.stock,
        dw1_0.version 
    from
        DbWarehouse dw1_0 
    where
        dw1_0.businessUnitCode=? 
    fetch
        first ? rows only
[Hibernate] 
    delete 
    from
        DbWarehouse dw1_0
[Hibernate] 
    delete 
    from
        DbWarehouse dw1_0
[Hibernate] 
    delete 
    from
        DbWarehouse dw1_0
2026-03-12 22:11:04,302 INFO  [com.ful.app.mon.war.ada.dat.WarehouseRepository] (main) Creating warehouse: CREATE-ZERO-STOCK
[Hibernate] 
    select
        next value for warehouse_seq
[Hibernate] 
    insert 
    into
        DbWarehouse
        (archivedAt, businessUnitCode, capacity, createdAt, location, stock, version, id) 
    values
        (?, ?, ?, ?, ?, ?, ?, ?)
2026-03-12 22:11:04,305 INFO  [com.ful.app.mon.war.ada.dat.WarehouseRepository] (main) Warehouse created successfully: CREATE-ZERO-STOCK
[Hibernate] 
    select
        dw1_0.id,
        dw1_0.archivedAt,
        dw1_0.businessUnitCode,
        dw1_0.capacity,
        dw1_0.createdAt,
        dw1_0.location,
        dw1_0.stock,
        dw1_0.version 
    from
        DbWarehouse dw1_0 
    where
        dw1_0.businessUnitCode=? 
    fetch
        first ? rows only
[Hibernate] 
    delete 
    from
        DbWarehouse dw1_0
[Hibernate] 
    delete 
    from
        DbWarehouse dw1_0
2026-03-12 22:11:04,345 INFO  [com.ful.app.mon.war.ada.dat.WarehouseRepository] (main) Creating warehouse: CREATE-MIN-CAP-001
[Hibernate] 
    select
        next value for warehouse_seq
[Hibernate] 
    insert 
    into
        DbWarehouse
        (archivedAt, businessUnitCode, capacity, createdAt, location, stock, version, id) 
    values
        (?, ?, ?, ?, ?, ?, ?, ?)
2026-03-12 22:11:04,349 INFO  [com.ful.app.mon.war.ada.dat.WarehouseRepository] (main) Warehouse created successfully: CREATE-MIN-CAP-001
[Hibernate] 
    select
        dw1_0.id,
        dw1_0.archivedAt,
        dw1_0.businessUnitCode,
        dw1_0.capacity,
        dw1_0.createdAt,
        dw1_0.location,
        dw1_0.stock,
        dw1_0.version 
    from
        DbWarehouse dw1_0 
    where
        dw1_0.businessUnitCode=? 
    fetch
        first ? rows only
[Hibernate] 
    delete 
    from
        DbWarehouse dw1_0
2026-03-12 22:11:04,360 INFO  [com.ful.app.mon.war.ada.dat.WarehouseRepository] (main) Creating warehouse: CREATE-MULTI-1
[Hibernate] 
    select
        next value for warehouse_seq
[Hibernate] 
    insert 
    into
        DbWarehouse
        (archivedAt, businessUnitCode, capacity, createdAt, location, stock, version, id) 
    values
        (?, ?, ?, ?, ?, ?, ?, ?)
2026-03-12 22:11:04,363 INFO  [com.ful.app.mon.war.ada.dat.WarehouseRepository] (main) Warehouse created successfully: CREATE-MULTI-1
2026-03-12 22:11:04,364 INFO  [com.ful.app.mon.war.ada.dat.WarehouseRepository] (main) Creating warehouse: CREATE-MULTI-2
[Hibernate] 
    select
        next value for warehouse_seq
[Hibernate] 
    insert 
    into
        DbWarehouse
        (archivedAt, businessUnitCode, capacity, createdAt, location, stock, version, id) 
    values
        (?, ?, ?, ?, ?, ?, ?, ?)
2026-03-12 22:11:04,367 INFO  [com.ful.app.mon.war.ada.dat.WarehouseRepository] (main) Warehouse created successfully: CREATE-MULTI-2
2026-03-12 22:11:04,368 INFO  [com.ful.app.mon.war.ada.dat.WarehouseRepository] (main) Creating warehouse: CREATE-MULTI-3
[Hibernate] 
    select
        next value for warehouse_seq
[Hibernate] 
    insert 
    into
        DbWarehouse
        (archivedAt, businessUnitCode, capacity, createdAt, location, stock, version, id) 
    values
        (?, ?, ?, ?, ?, ?, ?, ?)
2026-03-12 22:11:04,371 INFO  [com.ful.app.mon.war.ada.dat.WarehouseRepository] (main) Warehouse created successfully: CREATE-MULTI-3
[Hibernate] 
    select
        count(*) 
    from
        DbWarehouse dw1_0 
    where
        dw1_0.businessUnitCode=?
[Hibernate] 
    select
        count(*) 
    from
        DbWarehouse dw1_0 
    where
        dw1_0.businessUnitCode=?
[Hibernate] 
    select
        count(*) 
    from
        DbWarehouse dw1_0 
    where
        dw1_0.businessUnitCode=?
[Hibernate] 
    delete 
    from
        DbWarehouse dw1_0
2026-03-12 22:11:04,387 INFO  [com.ful.app.mon.war.ada.dat.WarehouseRepository] (main) Creating warehouse: CREATE-MAX-STOCK
[Hibernate] 
    select
        next value for warehouse_seq
[Hibernate] 
    insert 
    into
        DbWarehouse
        (archivedAt, businessUnitCode, capacity, createdAt, location, stock, version, id) 
    values
        (?, ?, ?, ?, ?, ?, ?, ?)
2026-03-12 22:11:04,389 INFO  [com.ful.app.mon.war.ada.dat.WarehouseRepository] (main) Warehouse created successfully: CREATE-MAX-STOCK
[Hibernate] 
    select
        dw1_0.id,
        dw1_0.archivedAt,
        dw1_0.businessUnitCode,
        dw1_0.capacity,
        dw1_0.createdAt,
        dw1_0.location,
        dw1_0.stock,
        dw1_0.version 
    from
        DbWarehouse dw1_0 
    where
        dw1_0.businessUnitCode=? 
    fetch
        first ? rows only
[Hibernate] 
    delete 
    from
        DbWarehouse dw1_0
2026-03-12 22:11:04,398 INFO  [com.ful.app.mon.war.ada.dat.WarehouseRepository] (main) Creating warehouse: CREATE-AT-MAX
[Hibernate] 
    select
        next value for warehouse_seq
[Hibernate] 
    insert 
    into
        DbWarehouse
        (archivedAt, businessUnitCode, capacity, createdAt, location, stock, version, id) 
    values
        (?, ?, ?, ?, ?, ?, ?, ?)
2026-03-12 22:11:04,401 INFO  [com.ful.app.mon.war.ada.dat.WarehouseRepository] (main) Warehouse created successfully: CREATE-AT-MAX
[Hibernate] 
    select
        dw1_0.id,
        dw1_0.archivedAt,
        dw1_0.businessUnitCode,
        dw1_0.capacity,
        dw1_0.createdAt,
        dw1_0.location,
        dw1_0.stock,
        dw1_0.version 
    from
        DbWarehouse dw1_0 
    where
        dw1_0.businessUnitCode=? 
    fetch
        first ? rows only
[Hibernate] 
    delete 
    from
        DbWarehouse dw1_0
2026-03-12 22:11:04,411 INFO  [com.ful.app.mon.war.ada.dat.WarehouseRepository] (main) Creating warehouse: CREATE-MAX-CAP-001
[Hibernate] 
    select
        next value for warehouse_seq
[Hibernate] 
    insert 
    into
        DbWarehouse
        (archivedAt, businessUnitCode, capacity, createdAt, location, stock, version, id) 
    values
        (?, ?, ?, ?, ?, ?, ?, ?)
2026-03-12 22:11:04,414 INFO  [com.ful.app.mon.war.ada.dat.WarehouseRepository] (main) Warehouse created successfully: CREATE-MAX-CAP-001
[Hibernate] 
    select
        dw1_0.id,
        dw1_0.archivedAt,
        dw1_0.businessUnitCode,
        dw1_0.capacity,
        dw1_0.createdAt,
        dw1_0.location,
        dw1_0.stock,
        dw1_0.version 
    from
        DbWarehouse dw1_0 
    where
        dw1_0.businessUnitCode=? 
    fetch
        first ? rows only
[INFO] Tests run: 15, Failures: 0, Errors: 0, Skipped: 0, Time elapsed: 0.341 s -- in com.fulfilment.application.monolith.warehouses.domain.usecases.CreateWarehouseUseCaseExtendedTest
[INFO] Running com.fulfilment.application.monolith.warehouses.domain.usecases.ReplaceWarehouseUseCaseExtendedTest
[Hibernate] 
    delete 
    from
        DbWarehouse dw1_0
2026-03-12 22:11:04,454 INFO  [com.ful.app.mon.war.ada.dat.WarehouseRepository] (main) Creating warehouse: REPLACE-ARCHIVED-001
[Hibernate] 
    select
        next value for warehouse_seq
[Hibernate] 
    insert 
    into
        DbWarehouse
        (archivedAt, businessUnitCode, capacity, createdAt, location, stock, version, id) 
    values
        (?, ?, ?, ?, ?, ?, ?, ?)
2026-03-12 22:11:04,460 INFO  [com.ful.app.mon.war.ada.dat.WarehouseRepository] (main) Warehouse created successfully: REPLACE-ARCHIVED-001
2026-03-12 22:11:04,461 INFO  [com.ful.app.mon.war.ada.dat.WarehouseRepository] (main) Updating warehouse: REPLACE-ARCHIVED-001
[Hibernate] 
    select
        dw1_0.id,
        dw1_0.archivedAt,
        dw1_0.businessUnitCode,
        dw1_0.capacity,
        dw1_0.createdAt,
        dw1_0.location,
        dw1_0.stock,
        dw1_0.version 
    from
        DbWarehouse dw1_0 
    where
        dw1_0.businessUnitCode=? 
    fetch
        first ? rows only
2026-03-12 22:11:04,464 INFO  [com.ful.app.mon.war.ada.dat.WarehouseRepository] (main) Warehouse updated successfully: REPLACE-ARCHIVED-001
2026-03-12 22:11:04,465 INFO  [com.ful.app.mon.war.dom.use.ReplaceWarehouseUseCase] (main) Replacing warehouse: REPLACE-ARCHIVED-001
[Hibernate] 
    update
        DbWarehouse 
    set
        archivedAt=?,
        businessUnitCode=?,
        capacity=?,
        createdAt=?,
        location=?,
        stock=?,
        version=? 
    where
        id=? 
        and version=?
[Hibernate] 
    select
        dw1_0.id,
        dw1_0.archivedAt,
        dw1_0.businessUnitCode,
        dw1_0.capacity,
        dw1_0.createdAt,
        dw1_0.location,
        dw1_0.stock,
        dw1_0.version 
    from
        DbWarehouse dw1_0 
    where
        dw1_0.businessUnitCode=? 
    fetch
        first ? rows only
[Hibernate] 
    delete 
    from
        DbWarehouse dw1_0
2026-03-12 22:11:04,493 INFO  [com.ful.app.mon.war.ada.dat.WarehouseRepository] (main) Creating warehouse: REPLACE-STOCK-NEG-001
[Hibernate] 
    select
        next value for warehouse_seq
[Hibernate] 
    insert 
    into
        DbWarehouse
        (archivedAt, businessUnitCode, capacity, createdAt, location, stock, version, id) 
    values
        (?, ?, ?, ?, ?, ?, ?, ?)
2026-03-12 22:11:04,496 INFO  [com.ful.app.mon.war.ada.dat.WarehouseRepository] (main) Warehouse created successfully: REPLACE-STOCK-NEG-001
2026-03-12 22:11:04,497 INFO  [com.ful.app.mon.war.dom.use.ReplaceWarehouseUseCase] (main) Replacing warehouse: REPLACE-STOCK-NEG-001
[Hibernate] 
    select
        dw1_0.id,
        dw1_0.archivedAt,
        dw1_0.businessUnitCode,
        dw1_0.capacity,
        dw1_0.createdAt,
        dw1_0.location,
        dw1_0.stock,
        dw1_0.version 
    from
        DbWarehouse dw1_0 
    where
        dw1_0.businessUnitCode=? 
    fetch
        first ? rows only
[Hibernate] 
    delete 
    from
        DbWarehouse dw1_0
2026-03-12 22:11:04,507 INFO  [com.ful.app.mon.war.ada.dat.WarehouseRepository] (main) Creating warehouse: REPLACE-MAX-STOCK-001
[Hibernate] 
    select
        next value for warehouse_seq
[Hibernate] 
    insert 
    into
        DbWarehouse
        (archivedAt, businessUnitCode, capacity, createdAt, location, stock, version, id) 
    values
        (?, ?, ?, ?, ?, ?, ?, ?)
2026-03-12 22:11:04,511 INFO  [com.ful.app.mon.war.ada.dat.WarehouseRepository] (main) Warehouse created successfully: REPLACE-MAX-STOCK-001
2026-03-12 22:11:04,512 INFO  [com.ful.app.mon.war.dom.use.ReplaceWarehouseUseCase] (main) Replacing warehouse: REPLACE-MAX-STOCK-001
[Hibernate] 
    select
        dw1_0.id,
        dw1_0.archivedAt,
        dw1_0.businessUnitCode,
        dw1_0.capacity,
        dw1_0.createdAt,
        dw1_0.location,
        dw1_0.stock,
        dw1_0.version 
    from
        DbWarehouse dw1_0 
    where
        dw1_0.businessUnitCode=? 
    fetch
        first ? rows only
2026-03-12 22:11:04,514 INFO  [com.ful.app.mon.war.ada.dat.WarehouseRepository] (main) Updating warehouse: REPLACE-MAX-STOCK-001
[Hibernate] 
    select
        dw1_0.id,
        dw1_0.archivedAt,
        dw1_0.businessUnitCode,
        dw1_0.capacity,
        dw1_0.createdAt,
        dw1_0.location,
        dw1_0.stock,
        dw1_0.version 
    from
        DbWarehouse dw1_0 
    where
        dw1_0.businessUnitCode=? 
    fetch
        first ? rows only
2026-03-12 22:11:04,517 INFO  [com.ful.app.mon.war.ada.dat.WarehouseRepository] (main) Warehouse updated successfully: REPLACE-MAX-STOCK-001
2026-03-12 22:11:04,518 INFO  [com.ful.app.mon.war.dom.use.ReplaceWarehouseUseCase] (main) Warehouse successfully replaced: REPLACE-MAX-STOCK-001
[Hibernate] 
    update
        DbWarehouse 
    set
        archivedAt=?,
        businessUnitCode=?,
        capacity=?,
        createdAt=?,
        location=?,
        stock=?,
        version=? 
    where
        id=? 
        and version=?
[Hibernate] 
    select
        dw1_0.id,
        dw1_0.archivedAt,
        dw1_0.businessUnitCode,
        dw1_0.capacity,
        dw1_0.createdAt,
        dw1_0.location,
        dw1_0.stock,
        dw1_0.version 
    from
        DbWarehouse dw1_0 
    where
        dw1_0.businessUnitCode=? 
    fetch
        first ? rows only
[Hibernate] 
    delete 
    from
        DbWarehouse dw1_0
2026-03-12 22:11:04,533 INFO  [com.ful.app.mon.war.dom.use.ReplaceWarehouseUseCase] (main) Replacing warehouse:    
[Hibernate] 
    delete 
    from
        DbWarehouse dw1_0
2026-03-12 22:11:04,541 INFO  [com.ful.app.mon.war.dom.use.ReplaceWarehouseUseCase] (main) Replacing warehouse: 
[Hibernate] 
    delete 
    from
        DbWarehouse dw1_0
2026-03-12 22:11:04,547 INFO  [com.ful.app.mon.war.ada.dat.WarehouseRepository] (main) Creating warehouse: REPLACE-STOCK-EXC-001
[Hibernate] 
    select
        next value for warehouse_seq
[Hibernate] 
    insert 
    into
        DbWarehouse
        (archivedAt, businessUnitCode, capacity, createdAt, location, stock, version, id) 
    values
        (?, ?, ?, ?, ?, ?, ?, ?)
2026-03-12 22:11:04,550 INFO  [com.ful.app.mon.war.ada.dat.WarehouseRepository] (main) Warehouse created successfully: REPLACE-STOCK-EXC-001
2026-03-12 22:11:04,550 INFO  [com.ful.app.mon.war.dom.use.ReplaceWarehouseUseCase] (main) Replacing warehouse: REPLACE-STOCK-EXC-001
[Hibernate] 
    select
        dw1_0.id,
        dw1_0.archivedAt,
        dw1_0.businessUnitCode,
        dw1_0.capacity,
        dw1_0.createdAt,
        dw1_0.location,
        dw1_0.stock,
        dw1_0.version 
    from
        DbWarehouse dw1_0 
    where
        dw1_0.businessUnitCode=? 
    fetch
        first ? rows only
[Hibernate] 
    delete 
    from
        DbWarehouse dw1_0
2026-03-12 22:11:04,559 INFO  [com.ful.app.mon.war.ada.dat.WarehouseRepository] (main) Creating warehouse: REPLACE-LOC-INVALID-001
[Hibernate] 
    select
        next value for warehouse_seq
[Hibernate] 
    insert 
    into
        DbWarehouse
        (archivedAt, businessUnitCode, capacity, createdAt, location, stock, version, id) 
    values
        (?, ?, ?, ?, ?, ?, ?, ?)
2026-03-12 22:11:04,561 INFO  [com.ful.app.mon.war.ada.dat.WarehouseRepository] (main) Warehouse created successfully: REPLACE-LOC-INVALID-001
2026-03-12 22:11:04,561 INFO  [com.ful.app.mon.war.dom.use.ReplaceWarehouseUseCase] (main) Replacing warehouse: REPLACE-LOC-INVALID-001
[Hibernate] 
    select
        dw1_0.id,
        dw1_0.archivedAt,
        dw1_0.businessUnitCode,
        dw1_0.capacity,
        dw1_0.createdAt,
        dw1_0.location,
        dw1_0.stock,
        dw1_0.version 
    from
        DbWarehouse dw1_0 
    where
        dw1_0.businessUnitCode=? 
    fetch
        first ? rows only
[Hibernate] 
    delete 
    from
        DbWarehouse dw1_0
2026-03-12 22:11:04,569 INFO  [com.ful.app.mon.war.ada.dat.WarehouseRepository] (main) Creating warehouse: REPLACE-CAP-NEG-001
[Hibernate] 
    select
        next value for warehouse_seq
[Hibernate] 
    insert 
    into
        DbWarehouse
        (archivedAt, businessUnitCode, capacity, createdAt, location, stock, version, id) 
    values
        (?, ?, ?, ?, ?, ?, ?, ?)
2026-03-12 22:11:04,571 INFO  [com.ful.app.mon.war.ada.dat.WarehouseRepository] (main) Warehouse created successfully: REPLACE-CAP-NEG-001
2026-03-12 22:11:04,572 INFO  [com.ful.app.mon.war.dom.use.ReplaceWarehouseUseCase] (main) Replacing warehouse: REPLACE-CAP-NEG-001
[Hibernate] 
    select
        dw1_0.id,
        dw1_0.archivedAt,
        dw1_0.businessUnitCode,
        dw1_0.capacity,
        dw1_0.createdAt,
        dw1_0.location,
        dw1_0.stock,
        dw1_0.version 
    from
        DbWarehouse dw1_0 
    where
        dw1_0.businessUnitCode=? 
    fetch
        first ? rows only
[Hibernate] 
    delete 
    from
        DbWarehouse dw1_0
2026-03-12 22:11:04,579 INFO  [com.ful.app.mon.war.dom.use.ReplaceWarehouseUseCase] (main) Replacing warehouse: NON-EXISTENT
[Hibernate] 
    select
        dw1_0.id,
        dw1_0.archivedAt,
        dw1_0.businessUnitCode,
        dw1_0.capacity,
        dw1_0.createdAt,
        dw1_0.location,
        dw1_0.stock,
        dw1_0.version 
    from
        DbWarehouse dw1_0 
    where
        dw1_0.businessUnitCode=? 
    fetch
        first ? rows only
[Hibernate] 
    delete 
    from
        DbWarehouse dw1_0
2026-03-12 22:11:04,586 INFO  [com.ful.app.mon.war.dom.use.ReplaceWarehouseUseCase] (main) Replacing warehouse: null
[Hibernate] 
    delete 
    from
        DbWarehouse dw1_0
2026-03-12 22:11:04,591 INFO  [com.ful.app.mon.war.ada.dat.WarehouseRepository] (main) Creating warehouse: REPLACE-ZERO-STOCK-001
[Hibernate] 
    select
        next value for warehouse_seq
[Hibernate] 
    insert 
    into
        DbWarehouse
        (archivedAt, businessUnitCode, capacity, createdAt, location, stock, version, id) 
    values
        (?, ?, ?, ?, ?, ?, ?, ?)
2026-03-12 22:11:04,593 INFO  [com.ful.app.mon.war.ada.dat.WarehouseRepository] (main) Warehouse created successfully: REPLACE-ZERO-STOCK-001
2026-03-12 22:11:04,594 INFO  [com.ful.app.mon.war.dom.use.ReplaceWarehouseUseCase] (main) Replacing warehouse: REPLACE-ZERO-STOCK-001
[Hibernate] 
    select
        dw1_0.id,
        dw1_0.archivedAt,
        dw1_0.businessUnitCode,
        dw1_0.capacity,
        dw1_0.createdAt,
        dw1_0.location,
        dw1_0.stock,
        dw1_0.version 
    from
        DbWarehouse dw1_0 
    where
        dw1_0.businessUnitCode=? 
    fetch
        first ? rows only
2026-03-12 22:11:04,595 INFO  [com.ful.app.mon.war.ada.dat.WarehouseRepository] (main) Updating warehouse: REPLACE-ZERO-STOCK-001
[Hibernate] 
    select
        dw1_0.id,
        dw1_0.archivedAt,
        dw1_0.businessUnitCode,
        dw1_0.capacity,
        dw1_0.createdAt,
        dw1_0.location,
        dw1_0.stock,
        dw1_0.version 
    from
        DbWarehouse dw1_0 
    where
        dw1_0.businessUnitCode=? 
    fetch
        first ? rows only
2026-03-12 22:11:04,597 INFO  [com.ful.app.mon.war.ada.dat.WarehouseRepository] (main) Warehouse updated successfully: REPLACE-ZERO-STOCK-001
2026-03-12 22:11:04,597 INFO  [com.ful.app.mon.war.dom.use.ReplaceWarehouseUseCase] (main) Warehouse successfully replaced: REPLACE-ZERO-STOCK-001
[Hibernate] 
    update
        DbWarehouse 
    set
        archivedAt=?,
        businessUnitCode=?,
        capacity=?,
        createdAt=?,
        location=?,
        stock=?,
        version=? 
    where
        id=? 
        and version=?
[Hibernate] 
    select
        dw1_0.id,
        dw1_0.archivedAt,
        dw1_0.businessUnitCode,
        dw1_0.capacity,
        dw1_0.createdAt,
        dw1_0.location,
        dw1_0.stock,
        dw1_0.version 
    from
        DbWarehouse dw1_0 
    where
        dw1_0.businessUnitCode=? 
    fetch
        first ? rows only
[Hibernate] 
    delete 
    from
        DbWarehouse dw1_0
2026-03-12 22:11:04,606 INFO  [com.ful.app.mon.war.ada.dat.WarehouseRepository] (main) Creating warehouse: REPLACE-MAX-CAP-001
[Hibernate] 
    select
        next value for warehouse_seq
[Hibernate] 
    insert 
    into
        DbWarehouse
        (archivedAt, businessUnitCode, capacity, createdAt, location, stock, version, id) 
    values
        (?, ?, ?, ?, ?, ?, ?, ?)
2026-03-12 22:11:04,608 INFO  [com.ful.app.mon.war.ada.dat.WarehouseRepository] (main) Warehouse created successfully: REPLACE-MAX-CAP-001
2026-03-12 22:11:04,608 INFO  [com.ful.app.mon.war.dom.use.ReplaceWarehouseUseCase] (main) Replacing warehouse: REPLACE-MAX-CAP-001
[Hibernate] 
    select
        dw1_0.id,
        dw1_0.archivedAt,
        dw1_0.businessUnitCode,
        dw1_0.capacity,
        dw1_0.createdAt,
        dw1_0.location,
        dw1_0.stock,
        dw1_0.version 
    from
        DbWarehouse dw1_0 
    where
        dw1_0.businessUnitCode=? 
    fetch
        first ? rows only
2026-03-12 22:11:04,610 INFO  [com.ful.app.mon.war.ada.dat.WarehouseRepository] (main) Updating warehouse: REPLACE-MAX-CAP-001
[Hibernate] 
    select
        dw1_0.id,
        dw1_0.archivedAt,
        dw1_0.businessUnitCode,
        dw1_0.capacity,
        dw1_0.createdAt,
        dw1_0.location,
        dw1_0.stock,
        dw1_0.version 
    from
        DbWarehouse dw1_0 
    where
        dw1_0.businessUnitCode=? 
    fetch
        first ? rows only
2026-03-12 22:11:04,611 INFO  [com.ful.app.mon.war.ada.dat.WarehouseRepository] (main) Warehouse updated successfully: REPLACE-MAX-CAP-001
2026-03-12 22:11:04,611 INFO  [com.ful.app.mon.war.dom.use.ReplaceWarehouseUseCase] (main) Warehouse successfully replaced: REPLACE-MAX-CAP-001
[Hibernate] 
    update
        DbWarehouse 
    set
        archivedAt=?,
        businessUnitCode=?,
        capacity=?,
        createdAt=?,
        location=?,
        stock=?,
        version=? 
    where
        id=? 
        and version=?
[Hibernate] 
    select
        dw1_0.id,
        dw1_0.archivedAt,
        dw1_0.businessUnitCode,
        dw1_0.capacity,
        dw1_0.createdAt,
        dw1_0.location,
        dw1_0.stock,
        dw1_0.version 
    from
        DbWarehouse dw1_0 
    where
        dw1_0.businessUnitCode=? 
    fetch
        first ? rows only
[Hibernate] 
    delete 
    from
        DbWarehouse dw1_0
2026-03-12 22:11:04,620 INFO  [com.ful.app.mon.war.ada.dat.WarehouseRepository] (main) Creating warehouse: REPLACE-SUCCESS-001
[Hibernate] 
    select
        next value for warehouse_seq
[Hibernate] 
    insert 
    into
        DbWarehouse
        (archivedAt, businessUnitCode, capacity, createdAt, location, stock, version, id) 
    values
        (?, ?, ?, ?, ?, ?, ?, ?)
2026-03-12 22:11:04,623 INFO  [com.ful.app.mon.war.ada.dat.WarehouseRepository] (main) Warehouse created successfully: REPLACE-SUCCESS-001
2026-03-12 22:11:04,623 INFO  [com.ful.app.mon.war.dom.use.ReplaceWarehouseUseCase] (main) Replacing warehouse: REPLACE-SUCCESS-001
[Hibernate] 
    select
        dw1_0.id,
        dw1_0.archivedAt,
        dw1_0.businessUnitCode,
        dw1_0.capacity,
        dw1_0.createdAt,
        dw1_0.location,
        dw1_0.stock,
        dw1_0.version 
    from
        DbWarehouse dw1_0 
    where
        dw1_0.businessUnitCode=? 
    fetch
        first ? rows only
2026-03-12 22:11:04,624 INFO  [com.ful.app.mon.war.ada.dat.WarehouseRepository] (main) Updating warehouse: REPLACE-SUCCESS-001
[Hibernate] 
    select
        dw1_0.id,
        dw1_0.archivedAt,
        dw1_0.businessUnitCode,
        dw1_0.capacity,
        dw1_0.createdAt,
        dw1_0.location,
        dw1_0.stock,
        dw1_0.version 
    from
        DbWarehouse dw1_0 
    where
        dw1_0.businessUnitCode=? 
    fetch
        first ? rows only
2026-03-12 22:11:04,626 INFO  [com.ful.app.mon.war.ada.dat.WarehouseRepository] (main) Warehouse updated successfully: REPLACE-SUCCESS-001
2026-03-12 22:11:04,626 INFO  [com.ful.app.mon.war.dom.use.ReplaceWarehouseUseCase] (main) Warehouse successfully replaced: REPLACE-SUCCESS-001
[Hibernate] 
    update
        DbWarehouse 
    set
        archivedAt=?,
        businessUnitCode=?,
        capacity=?,
        createdAt=?,
        location=?,
        stock=?,
        version=? 
    where
        id=? 
        and version=?
[Hibernate] 
    select
        dw1_0.id,
        dw1_0.archivedAt,
        dw1_0.businessUnitCode,
        dw1_0.capacity,
        dw1_0.createdAt,
        dw1_0.location,
        dw1_0.stock,
        dw1_0.version 
    from
        DbWarehouse dw1_0 
    where
        dw1_0.businessUnitCode=? 
    fetch
        first ? rows only
[Hibernate] 
    delete 
    from
        DbWarehouse dw1_0
2026-03-12 22:11:04,634 INFO  [com.ful.app.mon.war.ada.dat.WarehouseRepository] (main) Creating warehouse: REPLACE-CAP-EXC-001
[Hibernate] 
    select
        next value for warehouse_seq
[Hibernate] 
    insert 
    into
        DbWarehouse
        (archivedAt, businessUnitCode, capacity, createdAt, location, stock, version, id) 
    values
        (?, ?, ?, ?, ?, ?, ?, ?)
2026-03-12 22:11:04,636 INFO  [com.ful.app.mon.war.ada.dat.WarehouseRepository] (main) Warehouse created successfully: REPLACE-CAP-EXC-001
2026-03-12 22:11:04,637 INFO  [com.ful.app.mon.war.dom.use.ReplaceWarehouseUseCase] (main) Replacing warehouse: REPLACE-CAP-EXC-001
[Hibernate] 
    select
        dw1_0.id,
        dw1_0.archivedAt,
        dw1_0.businessUnitCode,
        dw1_0.capacity,
        dw1_0.createdAt,
        dw1_0.location,
        dw1_0.stock,
        dw1_0.version 
    from
        DbWarehouse dw1_0 
    where
        dw1_0.businessUnitCode=? 
    fetch
        first ? rows only
[Hibernate] 
    delete 
    from
        DbWarehouse dw1_0
2026-03-12 22:11:04,644 INFO  [com.ful.app.mon.war.ada.dat.WarehouseRepository] (main) Creating warehouse: REPLACE-OBJECT-001
[Hibernate] 
    select
        next value for warehouse_seq
[Hibernate] 
    insert 
    into
        DbWarehouse
        (archivedAt, businessUnitCode, capacity, createdAt, location, stock, version, id) 
    values
        (?, ?, ?, ?, ?, ?, ?, ?)
2026-03-12 22:11:04,646 INFO  [com.ful.app.mon.war.ada.dat.WarehouseRepository] (main) Warehouse created successfully: REPLACE-OBJECT-001
2026-03-12 22:11:04,646 INFO  [com.ful.app.mon.war.dom.use.ReplaceWarehouseUseCase] (main) Replacing warehouse: REPLACE-OBJECT-001
[Hibernate] 
    select
        dw1_0.id,
        dw1_0.archivedAt,
        dw1_0.businessUnitCode,
        dw1_0.capacity,
        dw1_0.createdAt,
        dw1_0.location,
        dw1_0.stock,
        dw1_0.version 
    from
        DbWarehouse dw1_0 
    where
        dw1_0.businessUnitCode=? 
    fetch
        first ? rows only
2026-03-12 22:11:04,648 INFO  [com.ful.app.mon.war.ada.dat.WarehouseRepository] (main) Updating warehouse: REPLACE-OBJECT-001
[Hibernate] 
    select
        dw1_0.id,
        dw1_0.archivedAt,
        dw1_0.businessUnitCode,
        dw1_0.capacity,
        dw1_0.createdAt,
        dw1_0.location,
        dw1_0.stock,
        dw1_0.version 
    from
        DbWarehouse dw1_0 
    where
        dw1_0.businessUnitCode=? 
    fetch
        first ? rows only
2026-03-12 22:11:04,649 INFO  [com.ful.app.mon.war.ada.dat.WarehouseRepository] (main) Warehouse updated successfully: REPLACE-OBJECT-001
2026-03-12 22:11:04,649 INFO  [com.ful.app.mon.war.dom.use.ReplaceWarehouseUseCase] (main) Warehouse successfully replaced: REPLACE-OBJECT-001
[Hibernate] 
    update
        DbWarehouse 
    set
        archivedAt=?,
        businessUnitCode=?,
        capacity=?,
        createdAt=?,
        location=?,
        stock=?,
        version=? 
    where
        id=? 
        and version=?
[Hibernate] 
    select
        dw1_0.id,
        dw1_0.archivedAt,
        dw1_0.businessUnitCode,
        dw1_0.capacity,
        dw1_0.createdAt,
        dw1_0.location,
        dw1_0.stock,
        dw1_0.version 
    from
        DbWarehouse dw1_0 
    where
        dw1_0.businessUnitCode=? 
    fetch
        first ? rows only
[INFO] Tests run: 15, Failures: 0, Errors: 0, Skipped: 0, Time elapsed: 0.230 s -- in com.fulfilment.application.monolith.warehouses.domain.usecases.ReplaceWarehouseUseCaseExtendedTest
[INFO] Running com.fulfilment.application.monolith.warehouses.domain.usecases.ReplaceWarehouseUseCaseTest
[Hibernate] 
    delete 
    from
        DbWarehouse dw1_0
2026-03-12 22:11:04,664 INFO  [com.ful.app.mon.war.ada.dat.WarehouseRepository] (main) Creating warehouse: REPLACE-TEST-002
[Hibernate] 
    select
        next value for warehouse_seq
[Hibernate] 
    insert 
    into
        DbWarehouse
        (archivedAt, businessUnitCode, capacity, createdAt, location, stock, version, id) 
    values
        (?, ?, ?, ?, ?, ?, ?, ?)
2026-03-12 22:11:04,666 INFO  [com.ful.app.mon.war.ada.dat.WarehouseRepository] (main) Warehouse created successfully: REPLACE-TEST-002
2026-03-12 22:11:04,668 INFO  [com.ful.app.mon.war.ada.dat.WarehouseRepository] (main) Updating warehouse: REPLACE-TEST-002
[Hibernate] 
    select
        dw1_0.id,
        dw1_0.archivedAt,
        dw1_0.businessUnitCode,
        dw1_0.capacity,
        dw1_0.createdAt,
        dw1_0.location,
        dw1_0.stock,
        dw1_0.version 
    from
        DbWarehouse dw1_0 
    where
        dw1_0.businessUnitCode=? 
    fetch
        first ? rows only
2026-03-12 22:11:04,670 INFO  [com.ful.app.mon.war.ada.dat.WarehouseRepository] (main) Warehouse updated successfully: REPLACE-TEST-002
2026-03-12 22:11:04,671 INFO  [com.ful.app.mon.war.dom.use.ReplaceWarehouseUseCase] (main) Replacing warehouse: REPLACE-TEST-002
[Hibernate] 
    update
        DbWarehouse 
    set
        archivedAt=?,
        businessUnitCode=?,
        capacity=?,
        createdAt=?,
        location=?,
        stock=?,
        version=? 
    where
        id=? 
        and version=?
[Hibernate] 
    select
        dw1_0.id,
        dw1_0.archivedAt,
        dw1_0.businessUnitCode,
        dw1_0.capacity,
        dw1_0.createdAt,
        dw1_0.location,
        dw1_0.stock,
        dw1_0.version 
    from
        DbWarehouse dw1_0 
    where
        dw1_0.businessUnitCode=? 
    fetch
        first ? rows only
[Hibernate] 
    delete 
    from
        DbWarehouse dw1_0
2026-03-12 22:11:04,682 INFO  [com.ful.app.mon.war.dom.use.ReplaceWarehouseUseCase] (main) Replacing warehouse: NON-EXISTENT
[Hibernate] 
    select
        dw1_0.id,
        dw1_0.archivedAt,
        dw1_0.businessUnitCode,
        dw1_0.capacity,
        dw1_0.createdAt,
        dw1_0.location,
        dw1_0.stock,
        dw1_0.version 
    from
        DbWarehouse dw1_0 
    where
        dw1_0.businessUnitCode=? 
    fetch
        first ? rows only
[Hibernate] 
    delete 
    from
        DbWarehouse dw1_0
2026-03-12 22:11:04,690 INFO  [com.ful.app.mon.war.ada.dat.WarehouseRepository] (main) Creating warehouse: REPLACE-TEST-001
[Hibernate] 
    select
        next value for warehouse_seq
[Hibernate] 
    insert 
    into
        DbWarehouse
        (archivedAt, businessUnitCode, capacity, createdAt, location, stock, version, id) 
    values
        (?, ?, ?, ?, ?, ?, ?, ?)
2026-03-12 22:11:04,693 INFO  [com.ful.app.mon.war.ada.dat.WarehouseRepository] (main) Warehouse created successfully: REPLACE-TEST-001
2026-03-12 22:11:04,694 INFO  [com.ful.app.mon.war.dom.use.ReplaceWarehouseUseCase] (main) Replacing warehouse: REPLACE-TEST-001
[Hibernate] 
    select
        dw1_0.id,
        dw1_0.archivedAt,
        dw1_0.businessUnitCode,
        dw1_0.capacity,
        dw1_0.createdAt,
        dw1_0.location,
        dw1_0.stock,
        dw1_0.version 
    from
        DbWarehouse dw1_0 
    where
        dw1_0.businessUnitCode=? 
    fetch
        first ? rows only
2026-03-12 22:11:04,696 INFO  [com.ful.app.mon.war.ada.dat.WarehouseRepository] (main) Updating warehouse: REPLACE-TEST-001
[Hibernate] 
    select
        dw1_0.id,
        dw1_0.archivedAt,
        dw1_0.businessUnitCode,
        dw1_0.capacity,
        dw1_0.createdAt,
        dw1_0.location,
        dw1_0.stock,
        dw1_0.version 
    from
        DbWarehouse dw1_0 
    where
        dw1_0.businessUnitCode=? 
    fetch
        first ? rows only
2026-03-12 22:11:04,698 INFO  [com.ful.app.mon.war.ada.dat.WarehouseRepository] (main) Warehouse updated successfully: REPLACE-TEST-001
2026-03-12 22:11:04,699 INFO  [com.ful.app.mon.war.dom.use.ReplaceWarehouseUseCase] (main) Warehouse successfully replaced: REPLACE-TEST-001
[Hibernate] 
    update
        DbWarehouse 
    set
        archivedAt=?,
        businessUnitCode=?,
        capacity=?,
        createdAt=?,
        location=?,
        stock=?,
        version=? 
    where
        id=? 
        and version=?
[Hibernate] 
    select
        dw1_0.id,
        dw1_0.archivedAt,
        dw1_0.businessUnitCode,
        dw1_0.capacity,
        dw1_0.createdAt,
        dw1_0.location,
        dw1_0.stock,
        dw1_0.version 
    from
        DbWarehouse dw1_0 
    where
        dw1_0.businessUnitCode=? 
    fetch
        first ? rows only
[Hibernate] 
    delete 
    from
        DbWarehouse dw1_0
2026-03-12 22:11:04,706 INFO  [com.ful.app.mon.war.ada.dat.WarehouseRepository] (main) Creating warehouse: CONCURRENT-REPLACE-001
[Hibernate] 
    select
        next value for warehouse_seq
[Hibernate] 
    insert 
    into
        DbWarehouse
        (archivedAt, businessUnitCode, capacity, createdAt, location, stock, version, id) 
    values
        (?, ?, ?, ?, ?, ?, ?, ?)
2026-03-12 22:11:04,708 INFO  [com.ful.app.mon.war.ada.dat.WarehouseRepository] (main) Warehouse created successfully: CONCURRENT-REPLACE-001
2026-03-12 22:11:04,711 INFO  [com.ful.app.mon.war.dom.use.ReplaceWarehouseUseCase] (pool-9-thread-1) Replacing warehouse: CONCURRENT-REPLACE-001
2026-03-12 22:11:04,711 INFO  [com.ful.app.mon.war.dom.use.ReplaceWarehouseUseCase] (pool-9-thread-2) Replacing warehouse: CONCURRENT-REPLACE-001
[Hibernate] 
    select
        dw1_0.id,
        dw1_0.archivedAt,
        dw1_0.businessUnitCode,
        dw1_0.capacity,
        dw1_0.createdAt,
        dw1_0.location,
        dw1_0.stock,
        dw1_0.version 
    from
        DbWarehouse dw1_0 
    where
        dw1_0.businessUnitCode=? 
    fetch
        first ? rows only
[Hibernate] 
    select
        dw1_0.id,
        dw1_0.archivedAt,
        dw1_0.businessUnitCode,
        dw1_0.capacity,
        dw1_0.createdAt,
        dw1_0.location,
        dw1_0.stock,
        dw1_0.version 
    from
        DbWarehouse dw1_0 
    where
        dw1_0.businessUnitCode=? 
    fetch
        first ? rows only
[Hibernate] 
    select
        dw1_0.id,
        dw1_0.archivedAt,
        dw1_0.businessUnitCode,
        dw1_0.capacity,
        dw1_0.createdAt,
        dw1_0.location,
        dw1_0.stock,
        dw1_0.version 
    from
        DbWarehouse dw1_0 
    where
        dw1_0.businessUnitCode=? 
    fetch
        first ? rows only
[Hibernate] 
    delete 
    from
        DbWarehouse dw1_0
2026-03-12 22:11:04,738 INFO  [com.ful.app.mon.war.ada.dat.WarehouseRepository] (main) Creating warehouse: REPLACE-VALIDATION
[Hibernate] 
    select
        next value for warehouse_seq
[Hibernate] 
    insert 
    into
        DbWarehouse
        (archivedAt, businessUnitCode, capacity, createdAt, location, stock, version, id) 
    values
        (?, ?, ?, ?, ?, ?, ?, ?)
2026-03-12 22:11:04,741 INFO  [com.ful.app.mon.war.ada.dat.WarehouseRepository] (main) Warehouse created successfully: REPLACE-VALIDATION
2026-03-12 22:11:04,743 INFO  [com.ful.app.mon.war.dom.use.ReplaceWarehouseUseCase] (main) Replacing warehouse: REPLACE-VALIDATION
[Hibernate] 
    select
        dw1_0.id,
        dw1_0.archivedAt,
        dw1_0.businessUnitCode,
        dw1_0.capacity,
        dw1_0.createdAt,
        dw1_0.location,
        dw1_0.stock,
        dw1_0.version 
    from
        DbWarehouse dw1_0 
    where
        dw1_0.businessUnitCode=? 
    fetch
        first ? rows only
[Hibernate] 
    delete 
    from
        DbWarehouse dw1_0
2026-03-12 22:11:04,754 INFO  [com.ful.app.mon.war.ada.dat.WarehouseRepository] (main) Creating warehouse: REPLACE-VALIDATION
[Hibernate] 
    select
        next value for warehouse_seq
[Hibernate] 
    insert 
    into
        DbWarehouse
        (archivedAt, businessUnitCode, capacity, createdAt, location, stock, version, id) 
    values
        (?, ?, ?, ?, ?, ?, ?, ?)
2026-03-12 22:11:04,757 INFO  [com.ful.app.mon.war.ada.dat.WarehouseRepository] (main) Warehouse created successfully: REPLACE-VALIDATION
2026-03-12 22:11:04,758 INFO  [com.ful.app.mon.war.dom.use.ReplaceWarehouseUseCase] (main) Replacing warehouse: REPLACE-VALIDATION
[Hibernate] 
    select
        dw1_0.id,
        dw1_0.archivedAt,
        dw1_0.businessUnitCode,
        dw1_0.capacity,
        dw1_0.createdAt,
        dw1_0.location,
        dw1_0.stock,
        dw1_0.version 
    from
        DbWarehouse dw1_0 
    where
        dw1_0.businessUnitCode=? 
    fetch
        first ? rows only
[Hibernate] 
    delete 
    from
        DbWarehouse dw1_0
2026-03-12 22:11:04,766 INFO  [com.ful.app.mon.war.ada.dat.WarehouseRepository] (main) Creating warehouse: REPLACE-VALIDATION
[Hibernate] 
    select
        next value for warehouse_seq
[Hibernate] 
    insert 
    into
        DbWarehouse
        (archivedAt, businessUnitCode, capacity, createdAt, location, stock, version, id) 
    values
        (?, ?, ?, ?, ?, ?, ?, ?)
2026-03-12 22:11:04,769 INFO  [com.ful.app.mon.war.ada.dat.WarehouseRepository] (main) Warehouse created successfully: REPLACE-VALIDATION
2026-03-12 22:11:04,770 INFO  [com.ful.app.mon.war.dom.use.ReplaceWarehouseUseCase] (main) Replacing warehouse: REPLACE-VALIDATION
[Hibernate] 
    select
        dw1_0.id,
        dw1_0.archivedAt,
        dw1_0.businessUnitCode,
        dw1_0.capacity,
        dw1_0.createdAt,
        dw1_0.location,
        dw1_0.stock,
        dw1_0.version 
    from
        DbWarehouse dw1_0 
    where
        dw1_0.businessUnitCode=? 
    fetch
        first ? rows only
[INFO] Tests run: 7, Failures: 0, Errors: 0, Skipped: 0, Time elapsed: 0.120 s -- in com.fulfilment.application.monolith.warehouses.domain.usecases.ReplaceWarehouseUseCaseTest
[INFO] Running com.fulfilment.application.monolith.location.LocationGatewayTest
2026-03-12 22:11:04,779 INFO  [com.ful.app.mon.loc.LocationGatewayTest] (main) Initializing LocationGateway for test
2026-03-12 22:11:04,782 INFO  [com.ful.app.mon.loc.LocationGatewayTest] (main) Testing Zwolle location resolution
2026-03-12 22:11:04,783 INFO  [com.ful.app.mon.loc.LocationGatewayTest] (main) Zwolle location resolved successfully
2026-03-12 22:11:04,784 INFO  [com.ful.app.mon.loc.LocationGatewayTest] (main) Initializing LocationGateway for test
2026-03-12 22:11:04,785 INFO  [com.ful.app.mon.loc.LocationGatewayTest] (main) Testing whitespace identifier
2026-03-12 22:11:04,786 INFO  [com.ful.app.mon.loc.LocationGatewayTest] (main) Whitespace identifier handled correctly
2026-03-12 22:11:04,789 INFO  [com.ful.app.mon.loc.LocationGatewayTest] (main) Initializing LocationGateway for test
2026-03-12 22:11:04,790 INFO  [com.ful.app.mon.loc.LocationGatewayTest] (main) Testing multiple location resolution
2026-03-12 22:11:04,790 INFO  [com.ful.app.mon.loc.LocationGatewayTest] (main) Multiple locations resolved successfully
2026-03-12 22:11:04,791 INFO  [com.ful.app.mon.loc.LocationGatewayTest] (main) Initializing LocationGateway for test
2026-03-12 22:11:04,792 INFO  [com.ful.app.mon.loc.LocationGatewayTest] (main) Testing unknown location
2026-03-12 22:11:04,793 INFO  [com.ful.app.mon.loc.LocationGatewayTest] (main) Unknown location handled correctly
2026-03-12 22:11:04,794 INFO  [com.ful.app.mon.loc.LocationGatewayTest] (main) Initializing LocationGateway for test
2026-03-12 22:11:04,795 INFO  [com.ful.app.mon.loc.LocationGatewayTest] (main) Testing null identifier
2026-03-12 22:11:04,795 INFO  [com.ful.app.mon.loc.LocationGatewayTest] (main) Null identifier handled correctly
2026-03-12 22:11:04,797 INFO  [com.ful.app.mon.loc.LocationGatewayTest] (main) Initializing LocationGateway for test
2026-03-12 22:11:04,798 INFO  [com.ful.app.mon.loc.LocationGatewayTest] (main) Testing Amsterdam location resolution
2026-03-12 22:11:04,798 INFO  [com.ful.app.mon.loc.LocationGatewayTest] (main) Amsterdam location resolved successfully
2026-03-12 22:11:04,799 INFO  [com.ful.app.mon.loc.LocationGatewayTest] (main) Initializing LocationGateway for test
2026-03-12 22:11:04,800 INFO  [com.ful.app.mon.loc.LocationGatewayTest] (main) Testing case sensitivity
2026-03-12 22:11:04,800 INFO  [com.ful.app.mon.loc.LocationGatewayTest] (main) Case sensitivity validation passed
2026-03-12 22:11:04,802 INFO  [com.ful.app.mon.loc.LocationGatewayTest] (main) Initializing LocationGateway for test
2026-03-12 22:11:04,803 INFO  [com.ful.app.mon.loc.LocationGatewayTest] (main) Testing empty identifier
2026-03-12 22:11:04,804 INFO  [com.ful.app.mon.loc.LocationGatewayTest] (main) Empty identifier handled correctly
[INFO] Tests run: 8, Failures: 0, Errors: 0, Skipped: 0, Time elapsed: 0.027 s -- in com.fulfilment.application.monolith.location.LocationGatewayTest
[INFO] Running com.fulfilment.application.monolith.warehouses.adapters.restapi.WarehouseResourceImplUnitTest
2026-03-12 22:11:04,975 INFO  [com.ful.app.mon.war.ada.res.WarehouseResourceImpl] (main) Request received: search warehouses
2026-03-12 22:11:04,986 INFO  [com.ful.app.mon.war.ada.res.WarehouseResourceImpl] (main) Request received: create warehouse BAD
2026-03-12 22:11:04,993 INFO  [com.ful.app.mon.war.ada.res.WarehouseResourceImpl] (main) Request received: search warehouses
2026-03-12 22:11:04,994 INFO  [com.ful.app.mon.war.ada.res.WarehouseResourceImpl] (main) Request received: search warehouses
2026-03-12 22:11:04,999 INFO  [com.ful.app.mon.war.ada.res.WarehouseResourceImpl] (main) Request received: archive warehouse TEST-WH-001
2026-03-12 22:11:05,000 INFO  [com.ful.app.mon.war.ada.res.WarehouseResourceImpl] (main) Warehouse archived successfully: TEST-WH-001
2026-03-12 22:11:05,005 INFO  [com.ful.app.mon.war.ada.res.WarehouseResourceImpl] (main) Request received: search warehouses
2026-03-12 22:11:05,009 INFO  [com.ful.app.mon.war.ada.res.WarehouseResourceImpl] (main) Request received: replace warehouse TEST-WH-001
2026-03-12 22:11:05,010 INFO  [com.ful.app.mon.war.ada.res.WarehouseResourceImpl] (main) Warehouse replaced successfully: TEST-WH-001
2026-03-12 22:11:05,013 INFO  [com.ful.app.mon.war.ada.res.WarehouseResourceImpl] (main) Request received: list all warehouses
2026-03-12 22:11:05,018 INFO  [com.ful.app.mon.war.ada.res.WarehouseResourceImpl] (main) Request received: search warehouses
2026-03-12 22:11:05,023 INFO  [com.ful.app.mon.war.ada.res.WarehouseResourceImpl] (main) Request received: get warehouse UNKNOWN
2026-03-12 22:11:05,024 WARN  [com.ful.app.mon.war.ada.res.WarehouseResourceImpl] (main) Warehouse not found: UNKNOWN
2026-03-12 22:11:05,055 INFO  [com.ful.app.mon.war.ada.res.WarehouseResourceImpl] (main) Request received: search warehouses
2026-03-12 22:11:05,060 INFO  [com.ful.app.mon.war.ada.res.WarehouseResourceImpl] (main) Request received: get warehouse TEST-WH-001
2026-03-12 22:11:05,065 INFO  [com.ful.app.mon.war.ada.res.WarehouseResourceImpl] (main) Request received: search warehouses
2026-03-12 22:11:05,068 INFO  [com.ful.app.mon.war.ada.res.WarehouseResourceImpl] (main) Request received: archive warehouse UNKNOWN
2026-03-12 22:11:05,069 ERROR [com.ful.app.mon.war.ada.res.WarehouseResourceImpl] (main) Error archiving warehouse UNKNOWN : Warehouse not found
2026-03-12 22:11:05,073 INFO  [com.ful.app.mon.war.ada.res.WarehouseResourceImpl] (main) Request received: list all warehouses
2026-03-12 22:11:05,077 INFO  [com.ful.app.mon.war.ada.res.WarehouseResourceImpl] (main) Request received: create warehouse NEW-WH-001
2026-03-12 22:11:05,078 INFO  [com.ful.app.mon.war.ada.res.WarehouseResourceImpl] (main) Warehouse created successfully: NEW-WH-001
[INFO] Tests run: 15, Failures: 0, Errors: 0, Skipped: 0, Time elapsed: 0.268 s -- in com.fulfilment.application.monolith.warehouses.adapters.restapi.WarehouseResourceImplUnitTest
[INFO] Running com.fulfilment.application.monolith.warehouses.domain.WarehouseConcurrencyUnitTest
[INFO] Tests run: 8, Failures: 0, Errors: 0, Skipped: 0, Time elapsed: 0.024 s -- in com.fulfilment.application.monolith.warehouses.domain.WarehouseConcurrencyUnitTest
[INFO] Running com.fulfilment.application.monolith.warehouses.domain.WarehouseValidationUnitTest
[INFO] Tests run: 22, Failures: 0, Errors: 0, Skipped: 0, Time elapsed: 0.035 s -- in com.fulfilment.application.monolith.warehouses.domain.WarehouseValidationUnitTest
[INFO] Running com.fulfilment.application.monolith.warehouses.domain.models.WarehouseTest
[INFO] Tests run: 18, Failures: 0, Errors: 0, Skipped: 0, Time elapsed: 0.029 s -- in com.fulfilment.application.monolith.warehouses.domain.models.WarehouseTest
[INFO] Running com.fulfilment.application.monolith.warehouses.domain.usecases.ArchiveWarehouseUseCaseUnitTest
2026-03-12 22:11:05,206 INFO  [com.ful.app.mon.war.dom.use.ArchiveWarehouseUseCase] (main) Archiving warehouse with BU code: TEST-WH-001
2026-03-12 22:11:05,207 INFO  [com.ful.app.mon.war.dom.use.ArchiveWarehouseUseCase] (main) Warehouse successfully archived: TEST-WH-001
2026-03-12 22:11:05,209 INFO  [com.ful.app.mon.war.dom.use.ArchiveWarehouseUseCase] (main) Archiving warehouse with BU code: ALREADY-ARCHIVED
2026-03-12 22:11:05,212 INFO  [com.ful.app.mon.war.dom.use.ArchiveWarehouseUseCase] (main) Archiving warehouse with BU code:    
2026-03-12 22:11:05,214 INFO  [com.ful.app.mon.war.dom.use.ArchiveWarehouseUseCase] (main) Archiving warehouse with BU code: 
2026-03-12 22:11:05,217 INFO  [com.ful.app.mon.war.dom.use.ArchiveWarehouseUseCase] (main) Archiving warehouse with BU code: NON-EXISTENT
2026-03-12 22:11:05,220 INFO  [com.ful.app.mon.war.dom.use.ArchiveWarehouseUseCase] (main) Archiving warehouse with BU code: null
[INFO] Tests run: 6, Failures: 0, Errors: 0, Skipped: 0, Time elapsed: 0.048 s -- in com.fulfilment.application.monolith.warehouses.domain.usecases.ArchiveWarehouseUseCaseUnitTest
[INFO] Running com.fulfilment.application.monolith.warehouses.domain.usecases.CreateWarehouseUseCaseTest
[INFO] Tests run: 4, Failures: 0, Errors: 0, Skipped: 0, Time elapsed: 0.032 s -- in com.fulfilment.application.monolith.warehouses.domain.usecases.CreateWarehouseUseCaseTest
[INFO] Running com.fulfilment.application.monolith.warehouses.domain.usecases.CreateWarehouseUseCaseUnitTest
[INFO] Tests run: 7, Failures: 0, Errors: 0, Skipped: 0, Time elapsed: 0.019 s -- in com.fulfilment.application.monolith.warehouses.domain.usecases.CreateWarehouseUseCaseUnitTest
[INFO] Running com.fulfilment.application.monolith.warehouses.domain.usecases.GetWarehouseUseCaseTest
[INFO] Tests run: 2, Failures: 0, Errors: 0, Skipped: 0, Time elapsed: 0.004 s -- in com.fulfilment.application.monolith.warehouses.domain.usecases.GetWarehouseUseCaseTest
[INFO] Running com.fulfilment.application.monolith.warehouses.domain.usecases.GetWarehouseUseCaseUnitTest
[INFO] Tests run: 10, Failures: 0, Errors: 0, Skipped: 0, Time elapsed: 0.030 s -- in com.fulfilment.application.monolith.warehouses.domain.usecases.GetWarehouseUseCaseUnitTest
[INFO] Running com.fulfilment.application.monolith.warehouses.domain.usecases.ReplaceWarehouseUseCaseUnitTest
2026-03-12 22:11:05,318 INFO  [com.ful.app.mon.war.dom.use.ReplaceWarehouseUseCase] (main) Replacing warehouse: ARCHIVED-001
2026-03-12 22:11:05,322 INFO  [com.ful.app.mon.war.dom.use.ReplaceWarehouseUseCase] (main) Replacing warehouse: REPLACE-001
2026-03-12 22:11:05,324 INFO  [com.ful.app.mon.war.dom.use.ReplaceWarehouseUseCase] (main) Warehouse successfully replaced: REPLACE-001
2026-03-12 22:11:05,326 INFO  [com.ful.app.mon.war.dom.use.ReplaceWarehouseUseCase] (main) Replacing warehouse:    
2026-03-12 22:11:05,330 INFO  [com.ful.app.mon.war.dom.use.ReplaceWarehouseUseCase] (main) Replacing warehouse: STOCK-EXCEED-001
2026-03-12 22:11:05,336 INFO  [com.ful.app.mon.war.dom.use.ReplaceWarehouseUseCase] (main) Replacing warehouse: LOC-INVALID-001
2026-03-12 22:11:05,339 INFO  [com.ful.app.mon.war.dom.use.ReplaceWarehouseUseCase] (main) Replacing warehouse: NON-EXISTENT
2026-03-12 22:11:05,342 INFO  [com.ful.app.mon.war.dom.use.ReplaceWarehouseUseCase] (main) Replacing warehouse: null
2026-03-12 22:11:05,345 INFO  [com.ful.app.mon.war.dom.use.ReplaceWarehouseUseCase] (main) Replacing warehouse: REPLACE-OBJ-001
2026-03-12 22:11:05,347 INFO  [com.ful.app.mon.war.dom.use.ReplaceWarehouseUseCase] (main) Warehouse successfully replaced: REPLACE-OBJ-001
2026-03-12 22:11:05,352 INFO  [com.ful.app.mon.war.dom.use.ReplaceWarehouseUseCase] (main) Replacing warehouse: CAP-EXCEED-001
[INFO] Tests run: 9, Failures: 0, Errors: 0, Skipped: 0, Time elapsed: 0.039 s -- in com.fulfilment.application.monolith.warehouses.domain.usecases.ReplaceWarehouseUseCaseUnitTest
[INFO] Running com.fulfilment.application.monolith.warehouses.domain.usecases.SearchWarehouseUseCaseTest
[INFO] Tests run: 7, Failures: 0, Errors: 0, Skipped: 0, Time elapsed: 0.015 s -- in com.fulfilment.application.monolith.warehouses.domain.usecases.SearchWarehouseUseCaseTest
[INFO] Running com.fulfilment.application.monolith.warehouses.domain.usecases.SearchWarehouseUseCaseUnitTest
[INFO] Tests run: 9, Failures: 0, Errors: 0, Skipped: 0, Time elapsed: 0.015 s -- in com.fulfilment.application.monolith.warehouses.domain.usecases.SearchWarehouseUseCaseUnitTest
[INFO] Running com.fulfilment.application.monolith.warehouses.domain.usecases.WarehousePersistenceUnitTest
[INFO] Tests run: 14, Failures: 0, Errors: 0, Skipped: 0, Time elapsed: 0.029 s -- in com.fulfilment.application.monolith.warehouses.domain.usecases.WarehousePersistenceUnitTest
2026-03-12 22:11:05,658 INFO  [io.quarkus] (main) java-code-assignment stopped in 0.239s
[INFO] 
[INFO] Results:
[INFO] 
[INFO] Tests run: 201, Failures: 0, Errors: 0, Skipped: 0
[INFO] 
[INFO] ------------------------------------------------------------------------
[INFO] BUILD SUCCESS
[INFO] ------------------------------------------------------------------------
[INFO] Total time:  01:02 min
[INFO] Finished at: 2026-03-12T22:11:07+05:30
[INFO] ------------------------------------------------------------------------
